CUR,0.018,0.008,0.003,0,0,23.85,0,3,3
CUR,0.018,0.009,0.003,0,0,23.85,0,3,3
CUR,0.018,0.008,0.002,0,0,23.85,0,3,3
CUR,0.018,0.008,0.003,0,0,23.85,0,3,3
CUR,0.018,0.007,0.003,0,0,23.85,0,3,3
CUR,0.018,0.008,0.003,0,0,23.85,0,3,3
CUR,0.013,0.007,0.002,0,0,23.86,0,3,3
CUR,0.018,0.008,0.003,0,0,23.85,0,3,3
CUR,0.018,0.007,0.003,0,0,23.85,0,3,3
CUR,0.024,0.008,0.003,0,0,23.85,0,1,0
CUR,0.018,0.008,0.003,0,0,23.84,0,2,0
CUR,0.899,0.516,0.064,0,12,23.84,173,2,0
CUR,1.109,0.539,0.202,0,29,23.82,1229,2,0
CUR,1.104,0.537,0.204,0,29,23.84,1335,2,0
CUR,1.109,0.532,0.204,0,29,23.81,1347,2,0
CUR,1.109,0.539,0.204,0,29,23.84,1342,2,0
CUR,1.104,0.541,0.204,0,29,23.82,1347,2,0
CUR,1.109,0.538,0.194,0,0,23.84,1324,3,3
CUR,0.018,0.008,0.003,0,0,23.85,224,3,3
CUR,0.018,0.009,0.003,0,0,23.85,95,3,3
CUR,0.018,0.007,0.003,0,0,23.85,4,3,3
CUR,0.018,0.008,0.003,0,0,23.86,0,3,3
CUR,0.018,0.007,0.003,0,0,23.85,0,3,3
CUR,0.018,0.007,0.003,0,0,23.85,0,3,3
CUR,0.018,0.007,0.003,0,0,23.84,0,3,3
CUR,0.018,0.007,0.003,0,0,23.85,0,3,3
CUR,0.013,0.007,0.003,0,0,23.85,0,1,0
CUR,0.018,0.008,0.003,0,0,23.85,0,1,0
CUR,0.222,0.218,0.010,0,3,23.84,0,2,0
CUR,1.087,0.553,0.195,0,29,23.81,1036,2,0
CUR,1.104,0.533,0.204,0,29,23.82,1334,2,0
CUR,1.098,0.538,0.204,0,29,23.84,1344,2,0
CUR,1.109,0.535,0.204,0,29,23.81,1346,2,0
CUR,1.109,0.535,0.204,0,29,23.84,1336,2,0
CUR,1.104,0.537,0.203,0,29,23.84,1347,2,0
CUR,1.071,0.532,0.026,0,0,23.85,315,3,3
CUR,0.018,0.008,0.003,0,0,23.85,13,3,3
CUR,0.018,0.009,0.003,0,0,23.86,0,3,3
CUR,0.018,0.008,0.003,0,0,23.84,0,3,3
CUR,0.018,0.007,0.003,0,0,23.85,0,3,3
CUR,0.018,0.007,0.003,0,0,23.84,0,3,3
CUR,0.018,0.007,0.003,0,0,23.85,0,3,3
CUR,0.018,0.008,0.003,0,0,23.85,0,3,3
CUR,0.018,0.008,0.003,0,0,23.85,0,3,3
CUR,0.018,0.007,0.003,0,0,23.85,0,1,0
CUR,0.018,0.008,0.003,0,0,23.85,0,1,0
CUR,0.233,0.229,0.009,0,3,23.84,0,2,0
CUR,1.093,0.661,0.200,0,29,23.81,1036,2,0
CUR,1.109,0.536,0.203,0,29,23.84,1333,2,0
CUR,1.114,0.537,0.204,0,29,23.82,1346,2,0
CUR,1.114,0.536,0.204,0,29,23.82,1346,2,0
CUR,1.114,0.538,0.203,0,29,23.84,1348,2,0
CUR,1.109,0.535,0.204,0,29,23.81,1347,2,0
CUR,1.087,0.517,0.026,0,0,23.85,203,3,3
CUR,0.018,0.007,0.003,0,0,23.85,10,3,3
CUR,0.018,0.007,0.003,0,0,23.85,0,3,3
CUR,0.018,0.008,0.003,0,0,23.84,0,3,3
CUR,0.018,0.008,0.003,0,0,23.85,0,3,3
CUR,0.013,0.007,0.003,0,0,23.86,0,3,3
CUR,0.018,0.007,0.003,0,0,23.86,0,3,3
CUR,0.018,0.008,0.003,0,0,23.85,0,3,3
CUR,0.018,0.008,0.003,0,0,23.85,0,3,3
CUR,0.018,0.007,0.003,0,0,23.85,0,1,0
CUR,0.018,0.008,0.003,0,0,23.84,0,1,0
CUR,0.905,0.476,0.022,0,5,23.85,0,2,0
CUR,1.109,0.560,0.194,0,29,23.81,1079,2,0
CUR,1.114,0.535,0.202,0,29,23.84,1336,2,0
CUR,1.114,0.535,0.203,0,29,23.82,1348,2,0
CUR,1.109,0.534,0.203,0,29,23.82,1347,2,0
CUR,1.098,0.534,0.203,0,29,23.84,1347,2,0
CUR,1.109,0.535,0.203,0,29,23.82,1346,2,0
CUR,1.104,0.535,0.027,0,0,23.85,262,3,3
CUR,0.018,0.008,0.003,0,0,23.85,21,3,3
CUR,0.018,0.008,0.003,0,0,23.85,0,3,3
CUR,0.018,0.008,0.003,0,0,23.85,0,3,3
CUR,0.013,0.007,0.002,0,0,23.84,0,3,3
CUR,0.018,0.008,0.003,0,0,23.85,0,3,3
CUR,0.018,0.008,0.003,0,0,23.85,0,3,3
CUR,0.018,0.008,0.003,0,0,23.85,0,3,3
CUR,0.018,0.007,0.003,0,0,23.84,0,3,3
CUR,0.018,0.007,0.003,0,0,23.85,0,1,0
CUR,0.018,0.008,0.004,0,0,23.86,0,1,0
CUR,0.131,0.122,0.005,0,3,23.84,0,2,0
CUR,1.104,0.552,0.197,0,29,23.81,1007,2,0
CUR,1.114,0.538,0.203,0,29,23.84,1333,2,0
CUR,1.109,0.542,0.203,0,29,23.81,1347,2,0
CUR,1.114,0.534,0.203,0,29,23.84,1345,2,0
CUR,1.098,0.533,0.203,0,29,23.84,1348,2,0
CUR,1.104,0.530,0.185,0,0,23.84,1291,3,3
CUR,0.013,0.008,0.003,0,0,23.85,192,3,3
CUR,0.018,0.008,0.003,0,0,23.84,26,3,3
CUR,0.018,0.008,0.003,0,0,23.85,1,3,3
CUR,0.018,0.008,0.003,0,0,23.84,0,3,3
CUR,0.018,0.008,0.003,0,0,23.84,0,3,3
CUR,0.018,0.008,0.003,0,0,23.85,0,3,3
CUR,0.018,0.007,0.003,0,0,23.85,0,3,3
CUR,0.018,0.008,0.003,0,0,23.84,0,3,3
CUR,0.018,0.007,0.003,0,0,23.85,0,1,0
CUR,0.018,0.008,0.004,0,0,23.84,0,2,0
CUR,0.851,0.597,0.036,0,6,23.84,4,2,0
CUR,1.087,0.549,0.194,0,29,23.84,1120,2,0
CUR,1.104,0.535,0.202,0,29,23.82,1339,2,0
CUR,1.109,0.533,0.201,0,29,23.84,1346,2,0
CUR,1.114,0.531,0.201,0,29,23.84,1350,2,0
CUR,1.109,0.531,0.200,0,29,23.82,1348,2,0
CUR,1.114,0.533,0.200,0,29,23.84,1350,2,0
CUR,1.104,0.519,0.026,0,0,23.84,157,3,3
CUR,0.018,0.007,0.003,0,0,23.84,6,3,3
CUR,0.018,0.007,0.003,0,0,23.84,0,3,3
CUR,0.018,0.008,0.003,0,0,23.84,0,3,3
CUR,0.018,0.008,0.003,0,0,23.85,0,3,3
CUR,0.018,0.007,0.003,0,0,23.85,0,3,3
CUR,0.018,0.007,0.003,0,0,23.85,0,3,3
CUR,0.018,0.008,0.003,0,0,23.85,0,3,3
CUR,0.018,0.008,0.003,0,0,23.85,0,3,3
CUR,0.018,0.008,0.003,0,0,23.85,0,1,0
CUR,0.018,0.008,0.003,0,0,23.84,0,2,0
CUR,0.910,0.531,0.068,0,13,23.85,189,2,0
CUR,1.114,0.544,0.201,0,29,23.84,1231,2,0
CUR,1.120,0.535,0.202,0,29,23.82,1345,2,0
CUR,1.104,0.532,0.201,0,29,23.82,1346,2,0
CUR,1.109,0.532,0.201,0,29,23.85,1349,2,0
CUR,1.109,0.534,0.200,0,29,23.84,1349,2,0
CUR,1.114,0.532,0.200,0,29,23.82,1350,2,0
CUR,1.109,0.530,0.065,0,0,23.85,284,3,3
CUR,0.018,0.008,0.003,0,0,23.84,12,3,3
CUR,0.018,0.008,0.003,0,0,23.85,0,3,3
CUR,0.018,0.007,0.003,0,0,23.85,0,3,3
CUR,0.018,0.008,0.002,0,0,23.84,0,3,3
CUR,0.018,0.008,0.003,0,0,23.85,0,3,3
CUR,0.018,0.007,0.002,0,0,23.85,0,3,3
CUR,0.018,0.007,0.002,0,0,23.84,0,3,3
CUR,0.013,0.008,0.002,0,0,23.85,0,3,3
CUR,0.018,0.008,0.003,0,0,23.84,0,1,0
CUR,0.018,0.008,0.003,0,0,23.84,0,2,0
CUR,0.894,0.576,0.064,0,12,23.85,156,2,0
CUR,1.104,0.552,0.200,0,29,23.84,1223,2,0
CUR,1.125,0.537,0.201,0,29,23.81,1344,2,0
CUR,1.109,0.534,0.200,0,29,23.84,1344,2,0
CUR,1.114,0.533,0.201,0,29,23.82,1350,2,0
CUR,1.109,0.530,0.200,0,29,23.81,1350,2,0
CUR,1.114,0.534,0.200,0,29,23.84,1350,2,0
CUR,1.104,0.533,0.065,0,0,23.85,342,3,3
CUR,0.018,0.007,0.003,0,0,23.85,14,3,3
CUR,0.018,0.007,0.003,0,0,23.85,0,3,3
CUR,0.018,0.007,0.003,0,0,23.85,0,3,3
CUR,0.018,0.007,0.003,0,0,23.85,0,3,3
CUR,0.018,0.007,0.002,0,0,23.85,0,3,3
CUR,0.018,0.007,0.003,0,0,23.85,0,3,3
CUR,0.018,0.008,0.003,0,0,23.85,0,3,3
CUR,0.018,0.008,0.003,0,0,23.85,0,3,3
CUR,0.018,0.008,0.002,0,0,23.84,0,3,3
CUR,0.013,0.007,0.002,0,0,23.84,0,3,3
CUR,0.018,0.007,0.003,0,0,23.85,0,1,0
CUR,0.018,0.008,0.003,0,0,23.85,0,2,0
CUR,0.867,0.531,0.052,0,10,23.84,101,2,0
CUR,1.109,0.544,0.198,0,29,23.84,1185,2,0
CUR,1.109,0.532,0.201,0,29,23.82,1344,2,0
CUR,1.104,0.532,0.200,0,29,23.81,1350,2,0
CUR,1.120,0.533,0.200,0,29,23.84,1350,2,0
CUR,1.104,0.532,0.200,0,29,23.82,1350,2,0
CUR,1.104,0.533,0.200,0,29,23.81,1350,2,0
CUR,1.120,0.525,0.027,0,0,23.84,232,3,3
CUR,0.018,0.008,0.003,0,0,23.84,12,3,3
CUR,0.018,0.008,0.003,0,0,23.81,0,3,3
CUR,0.018,0.007,0.003,0,0,23.84,0,3,3
CUR,0.013,0.007,0.003,0,0,23.84,0,3,3
CUR,0.018,0.007,0.003,0,0,23.85,0,3,3
CUR,0.018,0.008,0.003,0,0,23.84,0,3,3
CUR,0.018,0.007,0.003,0,0,23.85,0,3,3
CUR,0.018,0.008,0.003,0,0,23.85,0,3,3
CUR,0.018,0.007,0.003,0,0,23.84,0,1,0
CUR,0.018,0.008,0.003,0,0,23.84,0,2,0
CUR,0.873,0.526,0.051,0,10,23.84,93,2,0
CUR,1.093,0.537,0.198,0,29,23.84,1194,2,0
CUR,1.109,0.534,0.200,0,29,23.81,1343,2,0
CUR,1.104,0.530,0.199,0,29,23.82,1351,2,0
CUR,1.120,0.525,0.199,0,29,23.84,1351,2,0
CUR,1.109,0.532,0.200,0,29,23.82,1351,2,0
CUR,1.109,0.531,0.200,0,29,23.81,1350,2,0
CUR,1.098,0.531,0.063,0,0,23.85,347,3,3
CUR,0.018,0.008,0.003,0,0,23.84,23,3,3
CUR,0.018,0.008,0.003,0,0,23.85,1,3,3
CUR,0.018,0.008,0.003,0,0,23.85,0,3,3
CUR,0.018,0.008,0.003,0,0,23.84,0,3,3
CUR,0.018,0.008,0.003,0,0,23.86,0,3,3
CUR,0.018,0.008,0.003,0,0,23.84,0,3,3
CUR,0.018,0.007,0.003,0,0,23.85,0,3,3
CUR,0.018,0.008,0.003,0,0,23.85,0,3,3
CUR,0.018,0.007,0.003,0,0,23.85,0,1,0
CUR,0.018,0.007,0.003,0,0,23.85,0,2,0
CUR,0.846,0.495,0.046,0,9,23.85,62,2,0
CUR,1.098,0.538,0.195,0,29,23.81,1177,2,0
CUR,1.109,0.530,0.199,0,29,23.84,1343,2,0
CUR,1.114,0.529,0.199,0,29,23.84,1350,2,0
CUR,1.120,0.532,0.199,0,29,23.82,1352,2,0
CUR,1.109,0.532,0.200,0,29,23.81,1351,2,0
CUR,1.104,0.531,0.199,0,29,23.82,1351,2,0
CUR,1.093,0.524,0.042,0,0,23.86,297,3,3
CUR,0.018,0.007,0.003,0,0,23.85,33,3,3
CUR,0.013,0.008,0.003,0,0,23.85,1,3,3
CUR,0.013,0.008,0.003,0,0,23.84,0,3,3
CUR,0.018,0.008,0.003,0,0,23.85,0,3,3
CUR,0.018,0.008,0.003,0,0,23.85,0,3,3
CUR,0.018,0.008,0.003,0,0,23.85,0,3,3
CUR,0.018,0.008,0.003,0,0,23.85,0,3,3
CUR,0.018,0.008,0.003,0,0,23.84,0,3,3
CUR,0.018,0.008,0.003,0,0,23.84,0,1,0
CUR,0.018,0.008,0.004,0,0,23.84,0,2,0
CUR,0.921,0.530,0.076,0,14,23.84,232,2,0
CUR,1.109,0.549,0.201,0,29,23.85,1251,2,0
CUR,1.104,0.532,0.200,0,29,23.84,1343,2,0
CUR,1.120,0.532,0.199,0,29,23.81,1351,2,0
CUR,1.120,0.528,0.199,0,29,23.82,1348,2,0
CUR,1.104,0.532,0.199,0,29,23.84,1351,2,0
CUR,1.114,0.531,0.200,0,29,23.84,1347,2,0
CUR,1.104,0.529,0.024,0,0,23.84,231,3,3
CUR,0.018,0.008,0.003,0,0,23.85,39,3,3
CUR,0.018,0.007,0.003,0,0,23.84,1,3,3
CUR,0.018,0.007,0.003,0,0,23.85,0,3,3
CUR,0.018,0.007,0.003,0,0,23.84,0,3,3
CUR,0.018,0.007,0.003,0,0,23.85,0,3,3
CUR,0.018,0.008,0.003,0,0,23.85,0,3,3
CUR,0.018,0.008,0.003,0,0,23.84,0,3,3
CUR,0.018,0.008,0.003,0,0,23.85,0,3,3
CUR,0.018,0.007,0.003,0,0,23.84,0,1,0
CUR,0.018,0.008,0.004,0,0,23.82,0,2,0
CUR,0.873,0.624,0.040,0,7,23.84,20,2,0
CUR,1.093,0.545,0.193,0,29,23.82,1145,2,0
CUR,1.104,0.531,0.200,0,29,23.82,1341,2,0
CUR,1.109,0.538,0.200,0,29,23.84,1350,2,0
CUR,1.109,0.527,0.200,0,29,23.82,1349,2,0
CUR,1.114,0.532,0.200,0,29,23.82,1350,2,0
CUR,1.114,0.530,0.200,0,29,23.84,1348,2,0
CUR,1.098,0.535,0.025,0,0,23.85,285,3,3
CUR,0.018,0.008,0.003,0,0,23.85,95,3,3
CUR,0.018,0.008,0.003,0,0,23.85,4,3,3
CUR,0.018,0.008,0.003,0,0,23.84,0,3,3
CUR,0.018,0.007,0.003,0,0,23.85,0,3,3
CUR,0.018,0.008,0.003,0,0,23.84,0,3,3
CUR,0.018,0.008,0.003,0,0,23.84,0,3,3
CUR,0.018,0.008,0.003,0,0,23.85,0,3,3
CUR,0.018,0.008,0.003,0,0,23.85,0,3,3
CUR,0.018,0.008,0.003,0,0,23.85,0,1,0
CUR,0.018,0.008,0.003,0,0,23.85,0,2,0
CUR,0.878,0.527,0.055,0,11,23.84,118,2,0
CUR,1.104,0.543,0.198,0,29,23.82,1208,2,0
CUR,1.114,0.530,0.200,0,29,23.84,1337,2,0
CUR,1.109,0.536,0.201,0,29,23.84,1349,2,0
CUR,1.109,0.532,0.200,0,29,23.81,1349,2,0
CUR,1.109,0.532,0.201,0,29,23.84,1350,2,0
CUR,1.114,0.533,0.202,0,29,23.82,1338,2,0
CUR,1.104,0.534,0.025,0,0,23.85,279,3,3
CUR,0.018,0.008,0.003,0,0,23.85,150,3,3
CUR,0.018,0.007,0.003,0,0,23.85,6,3,3
CUR,0.018,0.007,0.003,0,0,23.85,0,3,3
CUR,0.018,0.008,0.003,0,0,23.84,0,3,3
CUR,0.018,0.008,0.003,0,0,23.85,0,3,3
CUR,0.018,0.008,0.003,0,0,23.85,0,3,3
CUR,0.018,0.007,0.003,0,0,23.85,0,3,3
CUR,0.013,0.008,0.003,0,0,23.84,0,3,3
CUR,0.018,0.008,0.003,0,0,23.85,0,1,0
CUR,0.018,0.008,0.003,0,0,23.84,0,2,0
CUR,0.921,0.548,0.072,0,14,23.84,213,2,0
CUR,1.114,0.545,0.204,0,29,23.84,1244,2,0
CUR,1.120,0.541,0.202,0,29,23.82,1344,2,0
CUR,1.109,0.529,0.202,0,29,23.84,1349,2,0
CUR,1.109,0.534,0.202,0,29,23.82,1349,2,0
CUR,1.109,0.530,0.202,0,29,23.84,1348,2,0
CUR,1.114,0.534,0.202,0,29,23.82,1349,2,0
CUR,1.104,0.527,0.025,0,0,23.85,251,3,3
CUR,0.018,0.008,0.003,0,0,23.85,142,3,3
CUR,0.018,0.008,0.003,0,0,23.85,8,3,3
CUR,0.018,0.007,0.003,0,0,23.85,0,3,3
CUR,0.018,0.008,0.003,0,0,23.85,0,3,3
CUR,0.013,0.007,0.003,0,0,23.85,0,3,3
CUR,0.018,0.008,0.003,0,0,23.85,0,3,3
CUR,0.018,0.007,0.003,0,0,23.84,0,3,3
CUR,0.018,0.007,0.003,0,0,23.85,0,3,3
CUR,0.018,0.008,0.003,0,0,23.85,0,1,0
CUR,0.018,0.008,0.003,0,0,23.84,0,2,0
CUR,0.856,0.580,0.056,0,10,23.82,111,2,0
CUR,1.104,0.542,0.199,0,29,23.82,1202,2,0
CUR,1.120,0.534,0.202,0,29,23.84,1343,2,0
CUR,1.114,0.537,0.202,0,29,23.82,1349,2,0
CUR,1.114,0.529,0.201,0,29,23.82,1349,2,0
CUR,1.114,0.533,0.202,0,29,23.82,1347,2,0
CUR,1.109,0.535,0.202,0,29,23.82,1349,2,0
CUR,1.120,0.528,0.064,0,0,23.85,361,3,3
CUR,0.018,0.008,0.003,0,0,23.84,165,3,3
CUR,0.018,0.007,0.003,0,0,23.85,17,3,3
CUR,0.018,0.009,0.003,0,0,23.85,0,3,3
CUR,0.018,0.008,0.003,0,0,23.85,0,3,3
CUR,0.018,0.008,0.003,0,0,23.84,0,3,3
CUR,0.018,0.008,0.003,0,0,23.85,0,3,3
CUR,0.018,0.008,0.003,0,0,23.85,0,3,3
CUR,0.018,0.008,0.003,0,0,23.85,0,3,3
CUR,0.018,0.008,0.003,0,0,23.85,0,1,0
CUR,0.018,0.008,0.004,0,0,23.85,0,2,0
CUR,0.915,0.660,0.045,0,8,23.84,39,2,0
CUR,1.093,0.555,0.195,0,29,23.84,1159,2,0
CUR,1.109,0.532,0.202,0,29,23.81,1341,2,0
CUR,1.109,0.535,0.201,0,29,23.82,1347,2,0
CUR,1.120,0.536,0.202,0,29,23.82,1349,2,0
CUR,1.114,0.534,0.201,0,29,23.82,1349,2,0
CUR,1.109,0.534,0.202,0,29,23.84,1350,2,0
CUR,1.109,0.529,0.066,0,0,23.85,305,3,3
CUR,0.018,0.008,0.003,0,0,23.85,76,3,3
CUR,0.018,0.008,0.003,0,0,23.85,12,3,3
CUR,0.018,0.007,0.003,0,0,23.84,0,3,3
CUR,0.018,0.007,0.003,0,0,23.85,0,3,3
CUR,0.018,0.008,0.003,0,0,23.84,0,3,3
CUR,0.018,0.008,0.003,0,0,23.84,0,3,3
CUR,0.018,0.008,0.003,0,0,23.84,0,3,3
CUR,0.018,0.008,0.003,0,0,23.85,0,3,3
CUR,0.018,0.008,0.003,0,0,23.85,0,1,0
CUR,0.018,0.008,0.003,0,0,23.85,0,2,0
CUR,0.921,0.535,0.078,0,14,23.84,235,2,0
CUR,1.098,0.556,0.203,0,29,23.82,1249,2,0
CUR,1.109,0.532,0.202,0,29,23.84,1345,2,0
CUR,1.114,0.530,0.201,0,29,23.81,1348,2,0
CUR,1.114,0.530,0.201,0,29,23.84,1350,2,0
CUR,1.114,0.532,0.201,0,29,23.82,1345,2,0
CUR,1.114,0.531,0.200,0,29,23.82,1350,2,0
CUR,1.087,0.524,0.026,0,0,23.84,158,3,3
CUR,0.018,0.008,0.003,0,0,23.85,6,3,3
CUR,0.018,0.008,0.003,0,0,23.85,0,3,3
CUR,0.018,0.008,0.003,0,0,23.85,0,3,3
CUR,0.018,0.007,0.003,0,0,23.85,0,3,3
CUR,0.018,0.008,0.003,0,0,23.85,0,3,3
CUR,0.018,0.008,0.003,0,0,23.85,0,3,3
CUR,0.018,0.008,0.003,0,0,23.85,0,3,3
CUR,0.013,0.008,0.003,0,0,23.85,0,3,3
CUR,0.024,0.007,0.003,0,0,23.85,0,1,0
CUR,0.018,0.007,0.003,0,0,23.84,0,2,0
CUR,0.813,0.580,0.039,0,8,23.85,30,2,0
CUR,1.098,0.537,0.195,0,29,23.84,1147,2,0
CUR,1.109,0.534,0.201,0,29,23.82,1340,2,0
CUR,1.114,0.536,0.201,0,29,23.82,1349,2,0
CUR,1.114,0.535,0.201,0,29,23.84,1350,2,0
CUR,1.114,0.532,0.201,0,29,23.82,1345,2,0
CUR,1.109,0.528,0.201,0,29,23.84,1349,2,0
CUR,1.104,0.531,0.026,0,0,23.85,181,3,3
CUR,0.018,0.008,0.003,0,0,23.85,7,3,3
CUR,0.018,0.008,0.003,0,0,23.85,0,3,3
CUR,0.013,0.007,0.003,0,0,23.84,0,3,3
CUR,0.018,0.007,0.003,0,0,23.85,0,3,3
CUR,0.018,0.008,0.003,0,0,23.84,0,3,3
CUR,0.018,0.008,0.003,0,0,23.85,0,3,3
CUR,0.018,0.008,0.003,0,0,23.85,0,3,3
CUR,0.018,0.008,0.003,0,0,23.84,0,3,3
CUR,0.018,0.007,0.003,0,0,23.86,0,1,0
CUR,0.024,0.008,0.004,0,0,23.84,0,2,0
CUR,0.873,0.623,0.044,0,8,23.82,42,2,0
CUR,1.109,0.536,0.196,0,29,23.81,1156,2,0
CUR,1.114,0.528,0.201,0,29,23.84,1341,2,0
CUR,1.114,0.531,0.202,0,29,23.84,1344,2,0
CUR,1.109,0.533,0.201,0,29,23.82,1349,2,0
CUR,1.109,0.531,0.202,0,29,23.84,1347,2,0
CUR,1.114,0.530,0.182,0,0,23.85,1285,3,3
CUR,0.018,0.008,0.003,0,0,23.85,159,3,3
CUR,0.018,0.008,0.003,0,0,23.84,6,3,3
CUR,0.018,0.007,0.003,0,0,23.84,0,3,3
CUR,0.018,0.007,0.003,0,0,23.85,0,3,3
CUR,0.018,0.009,0.003,0,0,23.85,0,3,3
CUR,0.018,0.007,0.003,0,0,23.84,0,3,3
CUR,0.018,0.008,0.003,0,0,23.85,0,3,3
CUR,0.018,0.008,0.003,0,0,23.85,0,3,3
CUR,0.018,0.008,0.003,0,0,23.85,0,1,0
CUR,0.018,0.007,0.004,0,0,23.85,0,1,0
CUR,0.018,0.009,0.003,0,0,23.85,0,2,0
CUR,1.039,0.595,0.162,0,27,23.81,776,2,0
CUR,1.120,0.539,0.204,0,29,23.81,1311,2,0
CUR,1.120,0.534,0.201,0,29,23.84,1348,2,0
CUR,1.114,0.529,0.201,0,29,23.82,1349,2,0
CUR,1.109,0.533,0.201,0,29,23.84,1349,2,0
CUR,1.114,0.533,0.202,0,29,23.82,1349,2,0
CUR,1.109,0.529,0.025,0,0,23.85,257,3,3
CUR,0.018,0.008,0.003,0,0,23.85,149,3,3
CUR,0.024,0.009,0.003,0,0,23.85,8,3,3
CUR,0.018,0.008,0.003,0,0,23.85,0,3,3
CUR,0.018,0.007,0.003,0,0,23.85,0,3,3
CUR,0.018,0.008,0.003,0,0,23.85,0,3,3
CUR,0.018,0.007,0.003,0,0,23.85,0,3,3
CUR,0.018,0.007,0.003,0,0,23.84,0,3,3
CUR,0.018,0.008,0.003,0,0,23.85,0,3,3
CUR,0.018,0.008,0.003,0,0,23.85,0,1,0
CUR,0.018,0.008,0.003,0,0,23.85,0,1,0
CUR,0.760,0.512,0.022,0,5,23.84,0,2,0
CUR,1.114,0.552,0.193,0,29,23.84,1078,2,0
CUR,1.114,0.532,0.202,0,29,23.81,1337,2,0
CUR,1.109,0.531,0.202,0,29,23.84,1347,2,0
CUR,1.114,0.535,0.202,0,29,23.82,1348,2,0
CUR,1.114,0.536,0.202,0,29,23.84,1348,2,0
CUR,1.109,0.530,0.202,0,29,23.84,1349,2,0
CUR,1.104,0.532,0.025,0,0,23.84,270,3,3
CUR,0.013,0.007,0.003,0,0,23.85,165,3,3
CUR,0.018,0.007,0.003,0,0,23.85,15,3,3
CUR,0.018,0.007,0.003,0,0,23.85,0,3,3
CUR,0.018,0.007,0.003,0,0,23.85,0,3,3
CUR,0.018,0.007,0.003,0,0,23.85,0,3,3
CUR,0.018,0.007,0.003,0,0,23.85,0,3,3
CUR,0.018,0.007,0.003,0,0,23.85,0,3,3
CUR,0.018,0.007,0.003,0,0,23.85,0,3,3
CUR,0.018,0.008,0.003,0,0,23.85,0,1,0
CUR,0.018,0.008,0.003,0,0,23.85,0,1,0
CUR,0.835,0.503,0.038,0,7,23.84,19,2,0
CUR,1.109,0.560,0.195,0,29,23.84,1144,2,0
CUR,1.114,0.533,0.202,0,29,23.82,1340,2,0
CUR,1.114,0.530,0.201,0,29,23.82,1347,2,0
CUR,1.109,0.533,0.202,0,29,23.82,1349,2,0
CUR,1.109,0.535,0.201,0,29,23.81,1348,2,0
CUR,1.109,0.531,0.201,0,29,23.85,1350,2,0
CUR,1.104,0.512,0.025,0,0,23.85,134,3,3
CUR,0.018,0.008,0.003,0,0,23.85,5,3,3
CUR,0.018,0.007,0.003,0,0,23.85,0,3,3
CUR,0.018,0.008,0.003,0,0,23.85,0,3,3
CUR,0.018,0.009,0.003,0,0,23.85,0,3,3
CUR,0.018,0.008,0.003,0,0,23.84,0,3,3
CUR,0.018,0.008,0.002,0,0,23.84,0,3,3
CUR,0.018,0.008,0.002,0,0,23.85,0,3,3
CUR,0.018,0.007,0.003,0,0,23.85,0,3,3
CUR,0.018,0.007,0.003,0,0,23.85,0,1,0
CUR,0.018,0.008,0.003,0,0,23.85,0,1,0
CUR,0.770,0.527,0.035,0,7,23.84,13,2,0
CUR,1.104,0.548,0.194,0,29,23.84,1134,2,0
CUR,1.109,0.536,0.202,0,29,23.81,1339,2,0
CUR,1.109,0.530,0.202,0,29,23.84,1345,2,0
CUR,1.114,0.540,0.202,0,29,23.81,1350,2,0
CUR,1.114,0.534,0.202,0,29,23.84,1347,2,0
CUR,1.114,0.538,0.202,0,29,23.82,1349,2,0
CUR,1.109,0.530,0.202,0,29,23.84,1346,2,0
CUR,1.104,0.533,0.065,0,0,23.85,389,3,3
CUR,0.018,0.008,0.003,0,0,23.85,63,3,3
CUR,0.018,0.007,0.003,0,0,23.85,2,3,3
CUR,0.013,0.008,0.003,0,0,23.84,0,3,3
CUR,0.018,0.007,0.003,0,0,23.85,0,3,3
CUR,0.018,0.008,0.003,0,0,23.85,0,3,3
CUR,0.018,0.007,0.002,0,0,23.86,0,3,3
CUR,0.018,0.007,0.002,0,0,23.85,0,3,3
CUR,0.018,0.008,0.002,0,0,23.85,0,3,3
CUR,0.018,0.008,0.003,0,0,23.85,0,1,0
CUR,0.018,0.008,0.003,0,0,23.84,0,2,0
CUR,0.915,0.660,0.063,0,12,23.84,145,2,0
CUR,1.109,0.549,0.201,0,29,23.82,1219,2,0
CUR,1.104,0.541,0.202,0,29,23.82,1343,2,0
CUR,1.114,0.531,0.201,0,29,23.82,1348,2,0
CUR,1.114,0.536,0.202,0,29,23.84,1346,2,0
CUR,1.114,0.531,0.202,0,29,23.82,1349,2,0
CUR,1.098,0.531,0.201,0,29,23.82,1348,2,0
CUR,1.109,0.531,0.020,0,0,23.84,245,3,3
CUR,0.018,0.008,0.003,0,0,23.85,72,3,3
CUR,0.018,0.007,0.003,0,0,23.85,3,3,3
CUR,0.018,0.007,0.003,0,0,23.85,0,3,3
CUR,0.018,0.007,0.003,0,0,23.85,0,3,3
CUR,0.018,0.008,0.003,0,0,23.84,0,3,3
CUR,0.013,0.007,0.003,0,0,23.85,0,3,3
CUR,0.018,0.008,0.003,0,0,23.85,0,3,3
CUR,0.018,0.008,0.002,0,0,23.85,0,3,3
CUR,0.018,0.007,0.003,0,0,23.84,0,1,0
CUR,0.018,0.007,0.003,0,0,23.84,0,2,0
CUR,0.926,0.575,0.082,0,15,23.82,277,2,0
CUR,1.098,0.548,0.204,0,29,23.84,1261,2,0
CUR,1.109,0.526,0.201,0,29,23.82,1338,2,0
CUR,1.114,0.533,0.200,0,29,23.81,1350,2,0
CUR,1.109,0.529,0.201,0,29,23.85,1347,2,0
CUR,1.109,0.531,0.200,0,29,23.84,1350,2,0
CUR,1.120,0.531,0.200,0,29,23.81,1343,2,0
CUR,1.104,0.531,0.026,0,0,23.84,242,3,3
CUR,0.018,0.008,0.003,0,0,23.85,108,3,3
CUR,0.018,0.007,0.003,0,0,23.85,4,3,3
CUR,0.018,0.008,0.003,0,0,23.85,0,3,3
CUR,0.018,0.008,0.003,0,0,23.85,0,3,3
CUR,0.018,0.008,0.003,0,0,23.84,0,3,3
CUR,0.018,0.007,0.003,0,0,23.85,0,3,3
CUR,0.018,0.007,0.003,0,0,23.85,0,3,3
CUR,0.018,0.007,0.003,0,0,23.85,0,3,3
CUR,0.018,0.008,0.003,0,0,23.85,0,1,0
CUR,0.018,0.007,0.003,0,0,23.84,0,2,0
CUR,0.873,0.517,0.061,0,12,23.84,135,2,0
CUR,1.098,0.538,0.200,0,29,23.84,1221,2,0
CUR,1.104,0.532,0.201,0,29,23.82,1336,2,0
CUR,1.109,0.535,0.201,0,29,23.84,1348,2,0
CUR,1.114,0.531,0.201,0,29,23.82,1351,2,0
CUR,1.109,0.528,0.201,0,29,23.82,1349,2,0
CUR,1.114,0.532,0.201,0,29,23.84,1350,2,0
CUR,1.077,0.525,0.025,0,0,23.85,239,3,3
CUR,0.018,0.008,0.003,0,0,23.84,129,3,3
CUR,0.018,0.007,0.003,0,0,23.85,7,3,3
CUR,0.018,0.007,0.003,0,0,23.85,0,3,3
CUR,0.018,0.008,0.003,0,0,23.85,0,3,3
CUR,0.018,0.007,0.003,0,0,23.84,0,3,3
CUR,0.018,0.008,0.002,0,0,23.84,0,3,3
CUR,0.018,0.007,0.003,0,0,23.85,0,3,3
CUR,0.024,0.008,0.002,0,0,23.85,0,3,3
CUR,0.018,0.007,0.003,0,0,23.85,0,1,0
CUR,0.018,0.008,0.003,0,0,23.84,0,2,0
CUR,0.905,0.522,0.065,0,12,23.84,158,2,0
CUR,1.087,0.549,0.200,0,29,23.82,1226,2,0
CUR,1.114,0.530,0.201,0,29,23.84,1345,2,0
CUR,1.120,0.531,0.201,0,29,23.81,1349,2,0
CUR,1.114,0.530,0.201,0,29,23.82,1350,2,0
CUR,1.114,0.531,0.201,0,29,23.84,1349,2,0
CUR,1.109,0.531,0.187,0,0,23.85,1319,3,3
CUR,0.018,0.008,0.003,0,0,23.84,79,3,3
CUR,0.018,0.008,0.003,0,0,23.85,3,3,3
CUR,0.018,0.008,0.003,0,0,23.85,0,3,3
CUR,0.013,0.007,0.003,0,0,23.85,0,3,3
CUR,0.018,0.008,0.002,0,0,23.85,0,3,3
CUR,0.018,0.007,0.003,0,0,23.84,0,3,3
CUR,0.018,0.007,0.002,0,0,23.85,0,3,3
CUR,0.018,0.007,0.003,0,0,23.85,0,3,3
CUR,0.024,0.008,0.003,0,0,23.85,0,1,0
CUR,0.018,0.007,0.003,0,0,23.85,0,1,0
CUR,0.835,0.524,0.037,0,7,23.84,23,2,0
CUR,1.093,0.550,0.194,0,29,23.82,1143,2,0
CUR,1.109,0.533,0.201,0,29,23.84,1340,2,0
CUR,1.109,0.535,0.202,0,29,23.84,1349,2,0
CUR,1.104,0.529,0.201,0,29,23.81,1350,2,0
CUR,1.109,0.534,0.201,0,29,23.82,1349,2,0
CUR,1.109,0.535,0.202,0,29,23.82,1347,2,0
CUR,1.087,0.526,0.065,0,0,23.85,363,3,3
CUR,0.018,0.007,0.003,0,0,23.85,34,3,3
CUR,0.018,0.007,0.003,0,0,23.85,1,3,3
CUR,0.018,0.007,0.003,0,0,23.85,0,3,3
CUR,0.018,0.007,0.002,0,0,23.84,0,3,3
CUR,0.018,0.008,0.003,0,0,23.85,0,3,3
CUR,0.018,0.008,0.003,0,0,23.85,0,3,3
CUR,0.018,0.008,0.003,0,0,23.86,0,3,3
CUR,0.018,0.007,0.003,0,0,23.85,0,3,3
CUR,0.018,0.007,0.003,0,0,23.85,0,1,0
CUR,0.018,0.008,0.003,0,0,23.84,0,1,0
CUR,0.206,0.202,0.008,0,3,23.84,0,2,0
CUR,1.109,0.547,0.196,0,29,23.84,1031,2,0
CUR,1.114,0.531,0.202,0,29,23.81,1333,2,0
CUR,1.120,0.529,0.201,0,29,23.82,1348,2,0
CUR,1.114,0.531,0.202,0,29,23.82,1347,2,0
CUR,1.109,0.534,0.202,0,29,23.82,1349,2,0
CUR,1.109,0.532,0.186,0,0,23.85,1300,3,3
CUR,0.018,0.008,0.003,0,0,23.85,183,3,3
CUR,0.018,0.008,0.003,0,0,23.85,35,3,3
CUR,0.018,0.007,0.003,0,0,23.85,1,3,3
CUR,0.018,0.008,0.003,0,0,23.85,0,3,3
CUR,0.018,0.007,0.003,0,0,23.84,0,3,3
CUR,0.018,0.007,0.003,0,0,23.85,0,3,3
CUR,0.018,0.007,0.003,0,0,23.85,0,3,3
CUR,0.018,0.007,0.003,0,0,23.85,0,3,3
CUR,0.018,0.008,0.003,0,0,23.85,0,1,0
CUR,0.018,0.007,0.003,0,0,23.84,0,2,0
CUR,0.840,0.526,0.048,0,9,23.84,78,2,0
CUR,1.120,0.545,0.198,0,29,23.81,1183,2,0
CUR,1.098,0.535,0.202,0,29,23.84,1341,2,0
CUR,1.114,0.533,0.202,0,29,23.82,1346,2,0
CUR,1.114,0.534,0.202,0,29,23.84,1350,2,0
CUR,1.120,0.532,0.202,0,29,23.84,1348,2,0
CUR,1.109,0.533,0.201,0,29,23.81,1349,2,0
CUR,1.109,0.529,0.023,0,0,23.85,174,3,3
CUR,0.018,0.008,0.003,0,0,23.85,7,3,3
CUR,0.018,0.007,0.003,0,0,23.85,0,3,3
CUR,0.018,0.007,0.003,0,0,23.86,0,3,3
CUR,0.018,0.008,0.003,0,0,23.85,0,3,3
CUR,0.018,0.008,0.003,0,0,23.85,0,3,3
CUR,0.018,0.008,0.003,0,0,23.85,0,3,3
CUR,0.018,0.007,0.002,0,0,23.85,0,3,3
CUR,0.018,0.007,0.002,0,0,23.84,0,3,3
CUR,0.018,0.007,0.003,0,0,23.84,0,1,0
CUR,0.018,0.007,0.003,0,0,23.84,0,2,0
CUR,0.899,0.517,0.057,0,11,23.84,116,2,0
CUR,1.104,0.544,0.199,0,29,23.84,1206,2,0
CUR,1.120,0.536,0.202,0,29,23.82,1342,2,0
CUR,1.109,0.530,0.201,0,29,23.84,1349,2,0
CUR,1.114,0.531,0.202,0,29,23.82,1349,2,0
CUR,1.114,0.536,0.201,0,29,23.82,1342,2,0
CUR,1.109,0.529,0.202,0,29,23.85,1349,2,0
CUR,1.098,0.518,0.025,0,0,23.85,223,3,3
CUR,0.018,0.007,0.003,0,0,23.85,9,3,3
CUR,0.024,0.007,0.003,0,0,23.86,0,3,3
CUR,0.018,0.008,0.003,0,0,23.85,0,3,3
CUR,0.018,0.008,0.002,0,0,23.85,0,3,3
CUR,0.018,0.008,0.003,0,0,23.85,0,3,3
CUR,0.018,0.008,0.002,0,0,23.85,0,3,3
CUR,0.018,0.007,0.002,0,0,23.84,0,3,3
CUR,0.018,0.008,0.002,0,0,23.85,0,3,3
CUR,0.018,0.007,0.003,0,0,23.84,0,1,0
CUR,0.018,0.008,0.003,0,0,23.85,0,2,0
CUR,0.899,0.526,0.068,0,13,23.84,190,2,0
CUR,1.109,0.541,0.202,0,29,23.84,1226,2,0
CUR,1.114,0.533,0.202,0,29,23.82,1343,2,0
CUR,1.109,0.531,0.202,0,29,23.82,1338,2,0
CUR,1.109,0.534,0.202,0,29,23.84,1348,2,0
CUR,1.114,0.530,0.202,0,29,23.82,1350,2,0
CUR,1.109,0.536,0.201,0,29,23.84,1350,2,0
CUR,1.098,0.524,0.025,0,0,23.85,264,3,3
CUR,0.018,0.007,0.003,0,0,23.85,13,3,3
CUR,0.013,0.007,0.002,0,0,23.84,0,3,3
CUR,0.018,0.007,0.002,0,0,23.84,0,3,3
CUR,0.018,0.007,0.002,0,0,23.85,0,3,3
CUR,0.018,0.007,0.002,0,0,23.84,0,3,3
CUR,0.018,0.008,0.002,0,0,23.85,0,3,3
CUR,0.018,0.008,0.002,0,0,23.85,0,3,3
CUR,0.018,0.007,0.002,0,0,23.85,0,3,3
CUR,0.018,0.007,0.003,0,0,23.85,0,1,0
CUR,0.018,0.008,0.003,0,0,23.84,0,2,0
CUR,0.905,0.652,0.061,0,11,23.84,131,2,0
CUR,1.109,0.564,0.199,0,29,23.81,1213,2,0
CUR,1.114,0.532,0.202,0,29,23.85,1342,2,0
CUR,1.109,0.531,0.202,0,29,23.82,1349,2,0
CUR,1.114,0.534,0.201,0,29,23.84,1350,2,0
CUR,1.114,0.528,0.201,0,29,23.84,1350,2,0
CUR,1.109,0.533,0.201,0,29,23.82,1349,2,0
CUR,1.098,0.530,0.064,0,0,23.85,314,3,3
CUR,0.018,0.008,0.003,0,0,23.85,18,3,3
CUR,0.018,0.007,0.002,0,0,23.85,0,3,3
CUR,0.018,0.008,0.003,0,0,23.85,0,3,3
CUR,0.018,0.008,0.002,0,0,23.84,0,3,3
CUR,0.018,0.007,0.002,0,0,23.84,0,3,3
CUR,0.018,0.007,0.002,0,0,23.85,0,3,3
CUR,0.018,0.007,0.002,0,0,23.85,0,3,3
CUR,0.018,0.007,0.002,0,0,23.85,0,3,3
CUR,0.018,0.007,0.003,0,0,23.85,0,1,0
CUR,0.018,0.008,0.003,0,0,23.84,0,2,0
CUR,0.835,0.517,0.051,0,9,23.84,72,2,0
CUR,1.104,0.553,0.197,0,29,23.84,1185,2,0
CUR,1.104,0.530,0.202,0,29,23.81,1341,2,0
CUR,1.114,0.533,0.202,0,29,23.84,1349,2,0
CUR,1.109,0.535,0.202,0,29,23.81,1349,2,0
CUR,1.114,0.531,0.201,0,29,23.82,1350,2,0
CUR,1.114,0.529,0.202,0,29,23.84,1348,2,0
CUR,1.087,0.519,0.020,0,0,23.86,268,3,3
CUR,0.018,0.008,0.003,0,0,23.85,30,3,3
CUR,0.018,0.007,0.002,0,0,23.84,1,3,3
CUR,0.018,0.008,0.003,0,0,23.85,0,3,3
CUR,0.018,0.008,0.002,0,0,23.85,0,3,3
CUR,0.018,0.007,0.002,0,0,23.84,0,3,3
CUR,0.018,0.008,0.002,0,0,23.85,0,3,3
CUR,0.018,0.008,0.002,0,0,23.85,0,3,3
CUR,0.024,0.007,0.002,0,0,23.85,0,3,3
CUR,0.018,0.007,0.003,0,0,23.85,0,1,0
CUR,0.018,0.008,0.003,0,0,23.82,0,2,0
CUR,0.905,0.655,0.063,0,12,23.82,147,2,0
CUR,1.109,0.542,0.200,0,29,23.82,1220,2,0
CUR,1.114,0.536,0.201,0,29,23.84,1343,2,0
CUR,1.114,0.532,0.201,0,29,23.84,1349,2,0
CUR,1.114,0.536,0.201,0,29,23.81,1350,2,0
CUR,1.104,0.536,0.201,0,29,23.84,1350,2,0
CUR,1.109,0.534,0.201,0,29,23.82,1347,2,0
CUR,1.104,0.529,0.065,0,0,23.85,362,3,3
CUR,0.018,0.007,0.003,0,0,23.85,49,3,3
CUR,0.018,0.007,0.003,0,0,23.84,2,3,3
CUR,0.018,0.008,0.002,0,0,23.85,0,3,3
CUR,0.018,0.007,0.003,0,0,23.85,0,3,3
CUR,0.018,0.008,0.003,0,0,23.85,0,3,3
CUR,0.013,0.008,0.003,0,0,23.85,0,3,3
CUR,0.018,0.007,0.003,0,0,23.85,0,3,3
CUR,0.018,0.008,0.002,0,0,23.85,0,3,3
CUR,0.018,0.007,0.003,0,0,23.85,0,1,0
CUR,0.024,0.008,0.003,0,0,23.84,0,2,0
CUR,0.894,0.540,0.064,0,12,23.82,172,2,0
CUR,1.120,0.552,0.201,0,29,23.84,1230,2,0
CUR,1.114,0.533,0.201,0,29,23.81,1342,2,0
CUR,1.114,0.534,0.201,0,29,23.82,1349,2,0
CUR,1.114,0.533,0.201,0,29,23.82,1350,2,0
CUR,1.114,0.535,0.202,0,29,23.82,1349,2,0
CUR,1.109,0.534,0.202,0,29,23.82,1343,2,0
CUR,1.114,0.530,0.064,0,0,23.85,355,3,3
CUR,0.018,0.008,0.003,0,0,23.85,78,3,3
CUR,0.018,0.008,0.003,0,0,23.84,3,3,3
CUR,0.018,0.008,0.003,0,0,23.84,0,3,3
CUR,0.018,0.007,0.003,0,0,23.86,0,3,3
CUR,0.018,0.007,0.002,0,0,23.85,0,3,3
CUR,0.018,0.008,0.002,0,0,23.88,0,3,3
CUR,0.024,0.008,0.002,0,0,23.86,0,3,3
CUR,0.018,0.008,0.002,0,0,23.85,0,3,3
CUR,0.018,0.007,0.003,0,0,23.85,0,1,0
CUR,0.018,0.008,0.003,0,0,23.85,0,2,0
CUR,0.856,0.603,0.046,0,8,23.84,40,2,0
CUR,1.104,0.542,0.195,0,29,23.82,1163,2,0
CUR,1.114,0.532,0.201,0,29,23.82,1338,2,0
CUR,1.109,0.533,0.201,0,29,23.84,1350,2,0
CUR,1.093,0.524,0.201,0,29,23.82,1342,2,0
CUR,1.114,0.527,0.201,0,29,23.82,1350,2,0
CUR,1.114,0.533,0.201,0,29,23.82,1348,2,0
CUR,1.109,0.532,0.044,0,0,23.84,283,3,3
CUR,0.024,0.008,0.003,0,0,23.86,104,3,3
CUR,0.013,0.008,0.003,0,0,23.85,4,3,3
CUR,0.018,0.009,0.002,0,0,23.84,0,3,3
CUR,0.018,0.008,0.002,0,0,23.84,0,3,3
CUR,0.018,0.007,0.002,0,0,23.85,0,3,3
CUR,0.018,0.007,0.002,0,0,23.84,0,3,3
CUR,0.018,0.007,0.002,0,0,23.84,0,3,3
CUR,0.018,0.007,0.002,0,0,23.85,0,3,3
CUR,0.018,0.007,0.002,0,0,23.85,0,3,3
CUR,0.018,0.008,0.003,0,0,23.84,0,1,0
CUR,0.018,0.008,0.003,0,0,23.85,0,1,0
CUR,0.018,0.008,0.003,0,0,23.84,0,2,0
CUR,0.953,0.545,0.101,0,18,23.81,405,2,0
CUR,1.114,0.538,0.203,0,29,23.84,1288,2,0
CUR,1.114,0.529,0.200,0,29,23.85,1347,2,0
CUR,1.114,0.531,0.200,0,29,23.82,1351,2,0
CUR,1.109,0.532,0.201,0,29,23.81,1350,2,0
CUR,1.114,0.532,0.201,0,29,23.84,1350,2,0
CUR,1.120,0.527,0.201,0,29,23.84,1350,2,0
CUR,1.098,0.535,0.026,0,0,23.85,228,3,3
CUR,0.018,0.008,0.003,0,0,23.84,111,3,3
CUR,0.018,0.007,0.003,0,0,23.84,6,3,3
CUR,0.018,0.007,0.003,0,0,23.86,0,3,3
CUR,0.018,0.007,0.002,0,0,23.86,0,3,3
CUR,0.013,0.008,0.002,0,0,23.85,0,3,3
CUR,0.018,0.008,0.002,0,0,23.86,0,3,3
CUR,0.018,0.007,0.003,0,0,23.85,0,3,3
CUR,0.018,0.007,0.002,0,0,23.85,0,3,3
CUR,0.018,0.007,0.003,0,0,23.84,0,1,0
CUR,0.018,0.008,0.003,0,0,23.84,0,2,0
CUR,0.921,0.579,0.066,0,13,23.84,180,2,0
CUR,1.114,0.546,0.201,0,29,23.84,1232,2,0
CUR,1.114,0.537,0.201,0,29,23.81,1344,2,0
CUR,1.109,0.536,0.201,0,29,23.84,1349,2,0
CUR,1.109,0.537,0.202,0,29,23.84,1350,2,0
CUR,1.114,0.537,0.201,0,29,23.81,1349,2,0
CUR,1.109,0.533,0.185,0,0,23.85,1298,3,3
CUR,0.018,0.007,0.003,0,0,23.85,74,3,3
CUR,0.018,0.007,0.003,0,0,23.85,3,3,3
CUR,0.013,0.007,0.003,0,0,23.85,0,3,3
CUR,0.018,0.007,0.002,0,0,23.85,0,3,3
CUR,0.018,0.008,0.002,0,0,23.85,0,3,3
CUR,0.018,0.008,0.003,0,0,23.85,0,3,3
CUR,0.018,0.007,0.003,0,0,23.85,0,3,3
CUR,0.018,0.007,0.003,0,0,23.85,0,3,3
CUR,0.018,0.008,0.003,0,0,23.85,0,1,0
CUR,0.018,0.007,0.003,0,0,23.85,0,1,0
CUR,0.018,0.007,0.003,0,1,23.84,0,2,0
CUR,1.071,0.546,0.185,0,29,23.84,943,2,0
CUR,1.120,0.530,0.202,0,29,23.84,1331,2,0
CUR,1.109,0.531,0.202,0,29,23.82,1349,2,0
CUR,1.104,0.534,0.202,0,29,23.84,1348,2,0
CUR,1.109,0.533,0.203,0,29,23.82,1348,2,0
CUR,1.114,0.529,0.202,0,29,23.85,1346,2,0
CUR,1.114,0.527,0.026,0,0,23.84,289,3,3
CUR,0.018,0.008,0.003,0,0,23.85,32,3,3
CUR,0.018,0.007,0.003,0,0,23.85,1,3,3
CUR,0.018,0.007,0.003,0,0,23.85,0,3,3
CUR,0.018,0.007,0.003,0,0,23.85,0,3,3
CUR,0.018,0.007,0.002,0,0,23.84,0,3,3
CUR,0.018,0.008,0.002,0,0,23.84,0,3,3
CUR,0.018,0.008,0.003,0,0,23.85,0,3,3
CUR,0.024,0.007,0.002,0,0,23.85,0,3,3
CUR,0.018,0.007,0.003,0,0,23.85,0,1,0
CUR,0.018,0.008,0.003,0,0,23.84,0,1,0
CUR,0.169,0.166,0.006,0,3,23.84,0,2,0
CUR,1.071,0.547,0.197,0,29,23.84,1021,2,0
CUR,1.120,0.535,0.202,0,29,23.84,1334,2,0
CUR,1.104,0.535,0.202,0,29,23.81,1349,2,0
CUR,1.114,0.539,0.202,0,29,23.84,1346,2,0
CUR,1.109,0.533,0.202,0,29,23.81,1348,2,0
CUR,1.114,0.530,0.202,0,29,23.84,1347,2,0
CUR,1.098,0.537,0.024,0,0,23.86,280,3,3
CUR,0.018,0.007,0.003,0,0,23.84,48,3,3
CUR,0.018,0.008,0.003,0,0,23.86,2,3,3
CUR,0.018,0.007,0.003,0,0,23.85,0,3,3
CUR,0.018,0.008,0.003,0,0,23.86,0,3,3
CUR,0.018,0.008,0.003,0,0,23.85,0,3,3
CUR,0.018,0.008,0.003,0,0,23.84,0,3,3
CUR,0.018,0.008,0.003,0,0,23.85,0,3,3
CUR,0.018,0.008,0.003,0,0,23.84,0,3,3
CUR,0.018,0.008,0.003,0,0,23.85,0,1,0
CUR,0.018,0.007,0.003,0,0,23.85,0,1,0
CUR,0.792,0.553,0.027,0,5,23.84,0,2,0
CUR,1.114,0.540,0.191,0,29,23.84,1096,2,0
CUR,1.114,0.529,0.201,0,29,23.81,1337,2,0
CUR,1.114,0.533,0.201,0,29,23.82,1350,2,0
CUR,1.114,0.532,0.202,0,29,23.82,1349,2,0
CUR,1.109,0.533,0.202,0,29,23.82,1349,2,0
CUR,1.114,0.531,0.202,0,29,23.84,1345,2,0
CUR,1.104,0.536,0.066,0,0,23.85,383,3,3
CUR,0.018,0.008,0.003,0,0,23.85,84,3,3
CUR,0.018,0.007,0.003,0,0,23.85,3,3,3
CUR,0.024,0.008,0.003,0,0,23.85,0,3,3
CUR,0.018,0.009,0.003,0,0,23.85,0,3,3
CUR,0.018,0.007,0.003,0,0,23.85,0,3,3
CUR,0.018,0.008,0.003,0,0,23.85,0,3,3
CUR,0.018,0.008,0.003,0,0,23.85,0,3,3
CUR,0.024,0.008,0.003,0,0,23.82,0,3,3
CUR,0.018,0.007,0.003,0,0,23.84,0,1,0
CUR,0.018,0.008,0.003,0,0,23.85,0,1,0
CUR,0.034,0.023,0.004,0,2,23.84,0,2,0
CUR,1.093,0.661,0.196,0,29,23.85,994,2,0
CUR,1.109,0.535,0.201,0,29,23.82,1328,2,0
CUR,1.114,0.531,0.201,0,29,23.81,1349,2,0
CUR,1.104,0.534,0.201,0,29,23.84,1347,2,0
CUR,1.109,0.534,0.202,0,29,23.82,1349,2,0
CUR,1.114,0.532,0.202,0,29,23.81,1341,2,0
CUR,1.114,0.534,0.086,0,0,23.85,490,3,3
CUR,0.018,0.008,0.003,0,0,23.84,172,3,3
CUR,0.018,0.008,0.003,0,0,23.85,7,3,3
CUR,0.018,0.007,0.003,0,0,23.85,0,3,3
CUR,0.018,0.007,0.002,0,0,23.85,0,3,3
CUR,0.018,0.008,0.003,0,0,23.85,0,3,3
CUR,0.018,0.007,0.002,0,0,23.85,0,3,3
CUR,0.018,0.008,0.003,0,0,23.85,0,3,3
CUR,0.018,0.008,0.003,0,0,23.85,0,3,3
CUR,0.018,0.007,0.003,0,0,23.85,0,1,0
CUR,0.018,0.007,0.003,0,0,23.85,0,1,0
CUR,0.018,0.007,0.003,0,0,23.84,0,2,0
CUR,0.018,0.008,0.003,0,0,23.84,0,2,0
CUR,0.910,0.659,0.033,0,6,23.85,1,2,0
CUR,1.093,0.545,0.192,0,29,23.84,1111,2,0
CUR,1.104,0.532,0.201,0,29,23.82,1334,2,0
CUR,1.114,0.530,0.201,0,29,23.81,1349,2,0
CUR,1.109,0.534,0.202,0,29,23.84,1348,2,0
CUR,1.114,0.530,0.202,0,29,23.81,1349,2,0
CUR,1.109,0.531,0.202,0,29,23.84,1349,2,0
CUR,1.104,0.531,0.025,0,0,23.85,278,3,3
CUR,0.018,0.008,0.003,0,0,23.85,176,3,3
CUR,0.018,0.008,0.003,0,0,23.85,8,3,3
CUR,0.018,0.007,0.003,0,0,23.85,0,3,3
CUR,0.018,0.007,0.003,0,0,23.84,0,3,3
CUR,0.018,0.008,0.002,0,0,23.85,0,3,3
CUR,0.013,0.007,0.002,0,0,23.84,0,3,3
CUR,0.018,0.007,0.002,0,0,23.85,0,3,3
CUR,0.018,0.008,0.002,0,0,23.84,0,3,3
CUR,0.018,0.008,0.003,0,0,23.85,0,1,0
CUR,0.018,0.008,0.003,0,0,23.86,0,1,0
CUR,0.018,0.008,0.003,0,1,23.85,0,2,0
CUR,1.082,0.552,0.185,0,29,23.84,938,2,0
CUR,1.114,0.531,0.201,0,29,23.82,1332,2,0
CUR,1.114,0.532,0.201,0,29,23.81,1349,2,0
CUR,1.114,0.536,0.202,0,29,23.84,1349,2,0
CUR,1.109,0.537,0.202,0,29,23.81,1348,2,0
CUR,1.109,0.535,0.202,0,29,23.85,1349,2,0
CUR,1.104,0.530,0.025,0,0,23.85,344,3,3
CUR,0.018,0.007,0.003,0,0,23.85,251,3,3
CUR,0.018,0.007,0.003,0,0,23.85,20,3,3
CUR,0.018,0.007,0.003,0,0,23.85,0,3,3
CUR,0.018,0.008,0.003,0,0,23.85,0,3,3
CUR,0.018,0.008,0.003,0,0,23.84,0,3,3
CUR,0.018,0.007,0.003,0,0,23.85,0,3,3
CUR,0.018,0.008,0.003,0,0,23.85,0,3,3
CUR,0.018,0.007,0.002,0,0,23.85,0,3,3
CUR,0.018,0.008,0.003,0,0,23.85,0,1,0
CUR,0.018,0.008,0.003,0,0,23.85,0,1,0
CUR,0.803,0.563,0.033,0,6,23.84,8,2,0
CUR,1.098,0.539,0.192,0,29,23.84,1127,2,0
CUR,1.109,0.536,0.201,0,29,23.84,1340,2,0
CUR,1.114,0.532,0.201,0,29,23.82,1348,2,0
CUR,1.109,0.532,0.202,0,29,23.84,1349,2,0
CUR,1.109,0.534,0.202,0,29,23.82,1349,2,0
CUR,1.114,0.536,0.202,0,29,23.81,1349,2,0
CUR,1.109,0.531,0.026,0,0,23.85,258,3,3
CUR,0.018,0.007,0.003,0,0,23.84,150,3,3
CUR,0.018,0.007,0.003,0,0,23.85,20,3,3
CUR,0.018,0.007,0.003,0,0,23.85,0,3,3
CUR,0.018,0.007,0.003,0,0,23.85,0,3,3
CUR,0.018,0.008,0.003,0,0,23.85,0,3,3
CUR,0.018,0.008,0.003,0,0,23.85,0,3,3
CUR,0.018,0.007,0.003,0,0,23.85,0,3,3
CUR,0.018,0.007,0.003,0,0,23.85,0,3,3
CUR,0.018,0.007,0.003,0,0,23.85,0,1,0
CUR,0.018,0.007,0.003,0,0,23.85,0,1,0
CUR,0.754,0.477,0.033,0,6,23.84,4,2,0
CUR,1.104,0.534,0.192,0,29,23.82,1122,2,0
CUR,1.109,0.532,0.202,0,29,23.85,1340,2,0
CUR,1.109,0.533,0.202,0,29,23.82,1349,2,0
CUR,1.109,0.534,0.202,0,29,23.84,1349,2,0
CUR,1.109,0.535,0.202,0,29,23.82,1346,2,0
CUR,1.120,0.534,0.202,0,29,23.81,1349,2,0
CUR,1.093,0.512,0.024,0,0,23.85,144,3,3
CUR,0.018,0.007,0.003,0,0,23.85,6,3,3
CUR,0.018,0.007,0.002,0,0,23.85,0,3,3
CUR,0.018,0.008,0.002,0,0,23.85,0,3,3
CUR,0.024,0.007,0.002,0,0,23.85,0,3,3
CUR,0.013,0.007,0.002,0,0,23.84,0,3,3
CUR,0.018,0.007,0.002,0,0,23.85,0,3,3
CUR,0.018,0.008,0.002,0,0,23.86,0,3,3
CUR,0.018,0.008,0.002,0,0,23.84,0,3,3
CUR,0.024,0.008,0.003,0,0,23.85,0,1,0
CUR,0.018,0.007,0.003,0,0,23.85,0,1,0
CUR,0.862,0.601,0.035,0,6,23.84,2,2,0
CUR,1.082,0.544,0.193,0,29,23.84,1112,2,0
CUR,1.109,0.537,0.202,0,29,23.82,1340,2,0
CUR,1.109,0.533,0.202,0,29,23.84,1346,2,0
CUR,1.109,0.535,0.203,0,29,23.82,1348,2,0
CUR,1.109,0.538,0.203,0,29,23.84,1344,2,0
CUR,1.109,0.532,0.204,0,29,23.82,1347,2,0
CUR,1.093,0.526,0.024,0,0,23.85,174,3,3
CUR,0.018,0.008,0.003,0,0,23.85,7,3,3
CUR,0.013,0.007,0.003,0,0,23.85,0,3,3
CUR,0.018,0.008,0.003,0,0,23.84,0,3,3
CUR,0.018,0.007,0.002,0,0,23.85,0,3,3
CUR,0.018,0.007,0.002,0,0,23.86,0,3,3
CUR,0.018,0.008,0.002,0,0,23.85,0,3,3
CUR,0.018,0.009,0.002,0,0,23.85,0,3,3
CUR,0.024,0.008,0.003,0,0,23.85,0,3,3
CUR,0.018,0.008,0.003,0,0,23.85,0,1,0
CUR,0.018,0.007,0.003,0,0,23.84,0,1,0
CUR,0.787,0.551,0.011,0,3,23.85,0,2,0
CUR,1.093,0.539,0.195,0,29,23.82,1041,2,0
CUR,1.109,0.531,0.202,0,29,23.84,1336,2,0
CUR,1.109,0.530,0.204,0,29,23.82,1343,2,0
CUR,1.114,0.532,0.204,0,29,23.84,1347,2,0
CUR,1.104,0.538,0.204,0,29,23.82,1347,2,0
CUR,1.109,0.538,0.187,0,0,23.85,1288,3,3
CUR,0.018,0.007,0.003,0,0,23.84,151,3,3
CUR,0.018,0.008,0.003,0,0,23.84,6,3,3
CUR,0.018,0.008,0.003,0,0,23.84,0,3,3
CUR,0.018,0.008,0.003,0,0,23.85,0,3,3
CUR,0.018,0.007,0.003,0,0,23.84,0,3,3
CUR,0.018,0.007,0.003,0,0,23.85,0,3,3
CUR,0.018,0.008,0.003,0,0,23.85,0,3,3
CUR,0.018,0.007,0.003,0,0,23.85,0,3,3
CUR,0.018,0.008,0.003,0,0,23.85,0,1,0
CUR,0.018,0.007,0.003,0,0,23.84,0,2,0
CUR,0.878,0.522,0.062,0,12,23.84,149,2,0
CUR,1.114,0.537,0.202,0,29,23.82,1221,2,0
CUR,1.104,0.534,0.204,0,29,23.82,1336,2,0
CUR,1.104,0.533,0.204,0,29,23.81,1347,2,0
CUR,1.109,0.535,0.205,0,29,23.84,1344,2,0
CUR,1.114,0.536,0.205,0,29,23.82,1348,2,0
CUR,1.109,0.539,0.205,0,29,23.82,1337,2,0
CUR,1.098,0.537,0.106,0,0,23.85,570,3,3
CUR,0.018,0.008,0.003,0,0,23.84,231,3,3
CUR,0.018,0.007,0.003,0,0,23.85,10,3,3
CUR,0.018,0.007,0.003,0,0,23.85,0,3,3
CUR,0.018,0.008,0.003,0,0,23.85,0,3,3
CUR,0.018,0.007,0.003,0,0,23.85,0,3,3
CUR,0.018,0.008,0.002,0,0,23.85,0,3,3
CUR,0.018,0.008,0.002,0,0,23.84,0,3,3
CUR,0.024,0.008,0.002,0,0,23.85,0,3,3
CUR,0.018,0.008,0.003,0,0,23.85,0,1,0
CUR,0.018,0.008,0.003,0,0,23.84,0,2,0
CUR,0.883,0.511,0.054,0,10,23.84,94,2,0
CUR,1.109,0.537,0.199,0,29,23.84,1196,2,0
CUR,1.109,0.539,0.203,0,29,23.81,1341,2,0
CUR,1.109,0.532,0.203,0,29,23.84,1347,2,0
CUR,1.109,0.535,0.204,0,29,23.81,1348,2,0
CUR,1.109,0.536,0.203,0,29,23.84,1348,2,0
CUR,1.109,0.530,0.203,0,29,23.81,1348,2,0
CUR,1.104,0.531,0.043,0,0,23.85,354,3,3
CUR,0.013,0.008,0.003,0,0,23.85,227,3,3
CUR,0.018,0.007,0.003,0,0,23.84,17,3,3
CUR,0.018,0.007,0.002,0,0,23.86,0,3,3
CUR,0.018,0.008,0.002,0,0,23.85,0,3,3
CUR,0.018,0.007,0.002,0,0,23.84,0,3,3
CUR,0.018,0.008,0.002,0,0,23.85,0,3,3
CUR,0.018,0.008,0.002,0,0,23.85,0,3,3
CUR,0.018,0.007,0.002,0,0,23.85,0,3,3
CUR,0.018,0.008,0.002,0,0,23.85,0,3,3
CUR,0.018,0.007,0.003,0,0,23.85,0,1,0
CUR,0.018,0.007,0.003,0,0,23.84,0,1,0
CUR,0.018,0.007,0.003,0,0,23.84,0,2,0
CUR,0.018,0.008,0.003,0,0,23.84,0,2,0
CUR,0.018,0.008,0.003,0,0,23.85,0,2,0
CUR,1.061,0.534,0.154,0,26,23.82,737,2,0
CUR,1.114,0.566,0.204,0,29,23.84,1321,2,0
CUR,1.109,0.533,0.203,0,29,23.82,1347,2,0
CUR,1.109,0.530,0.203,0,29,23.84,1348,2,0
CUR,1.114,0.537,0.203,0,29,23.81,1348,2,0
CUR,1.104,0.531,0.202,0,29,23.82,1349,2,0
CUR,1.071,0.526,0.026,0,0,23.84,287,3,3
CUR,0.018,0.007,0.003,0,0,23.84,26,3,3
CUR,0.018,0.007,0.003,0,0,23.85,1,3,3
CUR,0.018,0.008,0.002,0,0,23.84,0,3,3
CUR,0.018,0.007,0.002,0,0,23.84,0,3,3
CUR,0.024,0.008,0.002,0,0,23.85,0,3,3
CUR,0.018,0.007,0.002,0,0,23.85,0,3,3
CUR,0.018,0.007,0.002,0,0,23.85,0,3,3
CUR,0.018,0.008,0.002,0,0,23.85,0,3,3
CUR,0.018,0.008,0.003,0,0,23.84,0,1,0
CUR,0.018,0.007,0.003,0,0,23.85,0,1,0
CUR,0.819,0.584,0.027,0,5,23.82,0,2,0
CUR,1.104,0.554,0.191,0,29,23.82,1095,2,0
CUR,1.104,0.533,0.201,0,29,23.82,1338,2,0
CUR,1.109,0.534,0.202,0,29,23.82,1349,2,0
CUR,1.120,0.533,0.201,0,29,23.82,1350,2,0
CUR,1.114,0.534,0.202,0,29,23.84,1349,2,0
CUR,1.114,0.532,0.203,0,29,23.81,1346,2,0
CUR,1.104,0.530,0.024,0,0,23.85,332,3,3
CUR,0.024,0.008,0.003,0,0,23.85,51,3,3
CUR,0.018,0.008,0.003,0,0,23.85,2,3,3
CUR,0.018,0.008,0.003,0,0,23.84,0,3,3
CUR,0.018,0.008,0.002,0,0,23.84,0,3,3
CUR,0.018,0.007,0.002,0,0,23.84,0,3,3
CUR,0.018,0.007,0.002,0,0,23.84,0,3,3
CUR,0.018,0.007,0.002,0,0,23.85,0,3,3
CUR,0.013,0.007,0.002,0,0,23.85,0,3,3
CUR,0.018,0.007,0.002,0,0,23.84,0,1,0
CUR,0.018,0.008,0.003,0,0,23.85,0,1,0
CUR,0.889,0.639,0.031,0,6,23.84,0,2,0
CUR,1.104,0.561,0.191,0,29,23.84,1103,2,0
CUR,1.120,0.536,0.202,0,29,23.79,1336,2,0
CUR,1.109,0.534,0.203,0,29,23.84,1348,2,0
CUR,1.109,0.530,0.203,0,29,23.82,1345,2,0
CUR,1.109,0.535,0.203,0,29,23.85,1348,2,0
CUR,1.109,0.528,0.203,0,29,23.79,1345,2,0
CUR,1.109,0.531,0.024,0,0,23.85,297,3,3
CUR,0.018,0.007,0.003,0,0,23.85,69,3,3
CUR,0.018,0.008,0.003,0,0,23.85,3,3,3
CUR,0.018,0.007,0.003,0,0,23.85,0,3,3
CUR,0.018,0.008,0.002,0,0,23.84,0,3,3
CUR,0.018,0.008,0.003,0,0,23.85,0,3,3
CUR,0.018,0.007,0.003,0,0,23.85,0,3,3
CUR,0.018,0.007,0.003,0,0,23.85,0,3,3
CUR,0.018,0.008,0.002,0,0,23.85,0,3,3
CUR,0.018,0.007,0.003,0,0,23.84,0,1,0
CUR,0.013,0.008,0.003,0,0,23.85,0,1,0
CUR,0.244,0.239,0.010,0,3,23.84,0,2,0
CUR,1.114,0.635,0.198,0,29,23.84,1040,2,0
CUR,1.114,0.530,0.202,0,29,23.81,1331,2,0
CUR,1.109,0.536,0.203,0,29,23.85,1348,2,0
CUR,1.114,0.532,0.203,0,29,23.82,1342,2,0
CUR,1.114,0.532,0.202,0,29,23.82,1349,2,0
CUR,1.114,0.535,0.203,0,29,23.82,1343,2,0
CUR,1.071,0.530,0.025,0,0,23.85,316,3,3
CUR,0.018,0.008,0.003,0,0,23.85,122,3,3
CUR,0.018,0.007,0.003,0,0,23.85,5,3,3
CUR,0.024,0.007,0.003,0,0,23.85,0,3,3
CUR,0.018,0.009,0.003,0,0,23.85,0,3,3
CUR,0.018,0.008,0.003,0,0,23.85,0,3,3
CUR,0.018,0.008,0.003,0,0,23.84,0,3,3
CUR,0.018,0.007,0.003,0,0,23.85,0,3,3
CUR,0.018,0.008,0.003,0,0,23.85,0,3,3
CUR,0.018,0.007,0.003,0,0,23.84,0,1,0
CUR,0.018,0.008,0.003,0,0,23.84,0,1,0
CUR,0.915,0.666,0.037,0,6,23.84,7,2,0
CUR,1.093,0.549,0.192,0,29,23.82,1127,2,0
CUR,1.109,0.533,0.202,0,29,23.82,1329,2,0
CUR,1.109,0.530,0.203,0,29,23.82,1348,2,0
CUR,1.109,0.534,0.203,0,29,23.82,1339,2,0
CUR,1.114,0.534,0.202,0,29,23.81,1349,2,0
CUR,1.114,0.529,0.184,0,0,23.85,1275,3,3
CUR,0.018,0.008,0.003,0,0,23.85,228,3,3
CUR,0.018,0.007,0.003,0,0,23.85,155,3,3
CUR,0.018,0.007,0.003,0,0,23.85,6,3,3
CUR,0.018,0.007,0.003,0,0,23.84,0,3,3
CUR,0.024,0.008,0.002,0,0,23.85,0,3,3
CUR,0.018,0.007,0.003,0,0,23.85,0,3,3
CUR,0.018,0.007,0.003,0,0,23.85,0,3,3
CUR,0.018,0.008,0.003,0,0,23.85,0,3,3
CUR,0.018,0.007,0.003,0,0,23.85,0,1,0
CUR,0.018,0.008,0.003,0,0,23.84,0,2,0
CUR,0.926,0.522,0.066,0,12,23.84,172,2,0
CUR,1.093,0.553,0.201,0,29,23.81,1217,2,0
CUR,1.114,0.529,0.202,0,29,23.84,1344,2,0
CUR,1.109,0.535,0.203,0,29,23.82,1349,2,0
CUR,1.104,0.537,0.203,0,29,23.84,1348,2,0
CUR,1.104,0.530,0.203,0,29,23.82,1348,2,0
CUR,1.109,0.530,0.203,0,29,23.84,1348,2,0
CUR,1.109,0.533,0.145,0,0,23.85,884,3,3
CUR,0.018,0.007,0.003,0,0,23.85,42,3,3
CUR,0.018,0.007,0.003,0,0,23.84,1,3,3
CUR,0.018,0.007,0.003,0,0,23.85,0,3,3
CUR,0.013,0.008,0.003,0,0,23.85,0,3,3
CUR,0.018,0.008,0.003,0,0,23.85,0,3,3
CUR,0.018,0.007,0.003,0,0,23.85,0,3,3
CUR,0.018,0.007,0.002,0,0,23.86,0,3,3
CUR,0.018,0.008,0.002,0,0,23.85,0,3,3
CUR,0.018,0.007,0.003,0,0,23.85,0,1,0
CUR,0.018,0.007,0.003,0,0,23.84,0,2,0
CUR,0.878,0.602,0.057,0,10,23.84,101,2,0
CUR,1.104,0.534,0.199,0,29,23.82,1201,2,0
CUR,1.109,0.533,0.202,0,29,23.84,1342,2,0
CUR,1.109,0.536,0.203,0,29,23.81,1347,2,0
CUR,1.120,0.535,0.203,0,29,23.84,1349,2,0
CUR,1.109,0.535,0.203,0,29,23.81,1349,2,0
CUR,1.114,0.537,0.203,0,29,23.84,1348,2,0
CUR,1.098,0.531,0.045,0,0,23.84,311,3,3
CUR,0.018,0.008,0.003,0,0,23.85,25,3,3
CUR,0.018,0.007,0.003,0,0,23.84,1,3,3
CUR,0.018,0.009,0.003,0,0,23.85,0,3,3
CUR,0.018,0.007,0.003,0,0,23.85,0,3,3
CUR,0.018,0.008,0.002,0,0,23.85,0,3,3
CUR,0.018,0.008,0.003,0,0,23.85,0,3,3
CUR,0.013,0.008,0.003,0,0,23.85,0,3,3
CUR,0.018,0.007,0.002,0,0,23.84,0,3,3
CUR,0.018,0.007,0.003,0,0,23.84,0,1,0
CUR,0.018,0.008,0.003,0,0,23.85,0,2,0
CUR,0.840,0.514,0.047,0,9,23.84,68,2,0
CUR,1.104,0.542,0.197,0,29,23.82,1182,2,0
CUR,1.109,0.533,0.203,0,29,23.84,1340,2,0
CUR,1.104,0.534,0.203,0,29,23.82,1348,2,0
CUR,1.109,0.535,0.204,0,29,23.82,1346,2,0
CUR,1.109,0.532,0.204,0,29,23.84,1347,2,0
CUR,1.104,0.531,0.204,0,29,23.82,1345,2,0
CUR,1.109,0.532,0.063,0,0,23.84,322,3,3
CUR,0.018,0.007,0.003,0,0,23.85,31,3,3
CUR,0.018,0.007,0.003,0,0,23.84,1,3,3
CUR,0.018,0.007,0.003,0,0,23.84,0,3,3
CUR,0.018,0.007,0.003,0,0,23.85,0,3,3
CUR,0.018,0.008,0.003,0,0,23.85,0,3,3
CUR,0.018,0.009,0.003,0,0,23.85,0,3,3
CUR,0.018,0.008,0.003,0,0,23.85,0,3,3
CUR,0.018,0.007,0.003,0,0,23.85,0,3,3
CUR,0.018,0.008,0.003,0,0,23.85,0,1,0
CUR,0.018,0.008,0.003,0,0,23.84,0,2,0
CUR,0.883,0.509,0.039,0,7,23.84,28,2,0
CUR,1.093,0.551,0.195,0,29,23.82,1149,2,0
CUR,1.109,0.533,0.203,0,29,23.82,1337,2,0
CUR,1.114,0.535,0.203,0,29,23.81,1348,2,0
CUR,1.104,0.537,0.204,0,29,23.84,1346,2,0
CUR,1.109,0.527,0.203,0,29,23.81,1348,2,0
CUR,1.114,0.532,0.203,0,29,23.84,1345,2,0
CUR,1.114,0.533,0.104,0,0,23.86,526,3,3
CUR,0.018,0.007,0.003,0,0,23.85,60,3,3
CUR,0.018,0.008,0.003,0,0,23.86,2,3,3
CUR,0.018,0.007,0.003,0,0,23.85,0,3,3
CUR,0.018,0.008,0.003,0,0,23.85,0,3,3
CUR,0.018,0.007,0.003,0,0,23.85,0,3,3
CUR,0.024,0.007,0.003,0,0,23.85,0,3,3
CUR,0.018,0.007,0.003,0,0,23.84,0,3,3
CUR,0.018,0.007,0.003,0,0,23.85,0,3,3
CUR,0.018,0.008,0.003,0,0,23.84,0,1,0
CUR,0.018,0.008,0.003,0,0,23.84,0,2,0
CUR,0.926,0.575,0.067,0,13,23.84,180,2,0
CUR,1.104,0.547,0.201,0,29,23.84,1234,2,0
CUR,1.109,0.532,0.203,0,29,23.82,1342,2,0
CUR,1.109,0.535,0.204,0,29,23.84,1348,2,0
CUR,1.114,0.534,0.205,0,29,23.81,1344,2,0
CUR,1.098,0.540,0.205,0,29,23.82,1346,2,0
CUR,1.104,0.536,0.204,0,29,23.85,1348,2,0
CUR,1.082,0.531,0.021,0,0,23.85,312,3,3
CUR,0.018,0.008,0.003,0,0,23.85,128,3,3
CUR,0.018,0.008,0.003,0,0,23.88,5,3,3
CUR,0.018,0.007,0.003,0,0,23.85,0,3,3
CUR,0.018,0.007,0.003,0,0,23.84,0,3,3
CUR,0.018,0.008,0.003,0,0,23.85,0,3,3
CUR,0.024,0.007,0.003,0,0,23.85,0,3,3
CUR,0.018,0.008,0.003,0,0,23.85,0,3,3
CUR,0.018,0.008,0.002,0,0,23.85,0,3,3
CUR,0.018,0.007,0.003,0,0,23.85,0,1,0
CUR,0.018,0.007,0.003,0,0,23.85,0,1,0
CUR,0.018,0.007,0.003,0,0,23.85,0,2,0
CUR,0.018,0.007,0.003,0,0,23.85,0,2,0
CUR,0.754,0.485,0.032,0,6,23.84,0,2,0
CUR,1.104,0.563,0.192,0,29,23.84,1110,2,0
CUR,1.109,0.537,0.204,0,29,23.82,1331,2,0
CUR,1.104,0.534,0.204,0,29,23.81,1346,2,0
CUR,1.114,0.529,0.203,0,29,23.84,1336,2,0
CUR,1.109,0.535,0.203,0,29,23.82,1348,2,0
CUR,1.109,0.535,0.203,0,29,23.84,1346,2,0
CUR,1.087,0.533,0.024,0,0,23.85,272,3,3
CUR,0.018,0.008,0.003,0,0,23.85,157,3,3
CUR,0.018,0.008,0.003,0,0,23.85,6,3,3
CUR,0.018,0.008,0.003,0,0,23.85,0,3,3
CUR,0.013,0.008,0.003,0,0,23.85,0,3,3
CUR,0.018,0.007,0.003,0,0,23.84,0,3,3
CUR,0.018,0.007,0.003,0,0,23.85,0,3,3
CUR,0.013,0.007,0.003,0,0,23.85,0,3,3
CUR,0.018,0.007,0.003,0,0,23.85,0,3,3
CUR,0.018,0.007,0.003,0,0,23.84,0,1,0
CUR,0.024,0.008,0.003,0,0,23.84,0,2,0
CUR,0.867,0.558,0.056,0,10,23.84,103,2,0
CUR,1.098,0.535,0.199,0,29,23.84,1202,2,0
CUR,1.104,0.534,0.204,0,29,23.81,1341,2,0
CUR,1.109,0.536,0.204,0,29,23.84,1347,2,0
CUR,1.098,0.537,0.203,0,29,23.79,1349,2,0
CUR,1.104,0.536,0.205,0,29,23.82,1348,2,0
CUR,1.109,0.537,0.204,0,29,23.82,1347,2,0
CUR,1.098,0.534,0.066,0,0,23.85,425,3,3
CUR,0.018,0.007,0.003,0,0,23.86,251,3,3
CUR,0.018,0.008,0.003,0,0,23.85,17,3,3
CUR,0.024,0.008,0.003,0,0,23.84,0,3,3
CUR,0.018,0.008,0.003,0,0,23.85,0,3,3
CUR,0.018,0.007,0.003,0,0,23.85,0,3,3
CUR,0.018,0.008,0.003,0,0,23.85,0,3,3
CUR,0.018,0.007,0.002,0,0,23.88,0,3,3
CUR,0.018,0.007,0.003,0,0,23.85,0,3,3
CUR,0.018,0.008,0.003,0,0,23.84,0,1,0
CUR,0.018,0.007,0.003,0,0,23.84,0,2,0
CUR,0.797,0.561,0.027,0,5,23.84,0,2,0
CUR,1.109,0.544,0.193,0,29,23.82,1098,2,0
CUR,1.109,0.533,0.205,0,29,23.82,1336,2,0
CUR,1.104,0.536,0.204,0,29,23.82,1348,2,0
CUR,1.114,0.536,0.204,0,29,23.82,1348,2,0
CUR,1.109,0.536,0.204,0,29,23.84,1347,2,0
CUR,1.109,0.535,0.204,0,29,23.82,1348,2,0
CUR,1.114,0.535,0.083,0,0,23.85,437,3,3
CUR,0.018,0.008,0.003,0,0,23.84,188,3,3
CUR,0.018,0.007,0.003,0,0,23.85,20,3,3
CUR,0.018,0.008,0.003,0,0,23.85,0,3,3
CUR,0.018,0.009,0.003,0,0,23.85,0,3,3
CUR,0.024,0.008,0.002,0,0,23.86,0,3,3
CUR,0.018,0.008,0.003,0,0,23.85,0,3,3
CUR,0.018,0.008,0.003,0,0,23.84,0,3,3
CUR,0.018,0.007,0.003,0,0,23.85,0,3,3
CUR,0.018,0.008,0.003,0,0,23.85,0,3,3
CUR,0.018,0.008,0.003,0,0,23.85,0,1,0
CUR,0.018,0.007,0.003,0,0,23.84,0,1,0
CUR,0.018,0.007,0.003,0,0,23.84,0,2,0
CUR,1.066,0.583,0.160,0,27,23.81,776,2,0
CUR,1.114,0.546,0.206,0,29,23.81,1322,2,0
CUR,1.114,0.538,0.204,0,29,23.84,1347,2,0
CUR,1.109,0.533,0.203,0,29,23.81,1348,2,0
CUR,1.109,0.537,0.203,0,29,23.84,1349,2,0
CUR,1.109,0.529,0.202,0,29,23.81,1348,2,0
CUR,1.109,0.526,0.045,0,0,23.85,312,3,3
CUR,0.018,0.008,0.003,0,0,23.85,37,3,3
CUR,0.018,0.008,0.003,0,0,23.85,1,3,3
CUR,0.018,0.008,0.003,0,0,23.85,0,3,3
CUR,0.018,0.007,0.003,0,0,23.86,0,3,3
CUR,0.018,0.007,0.003,0,0,23.84,0,3,3
CUR,0.018,0.008,0.003,0,0,23.85,0,3,3
CUR,0.018,0.007,0.003,0,0,23.85,0,3,3
CUR,0.018,0.008,0.002,0,0,23.85,0,3,3
CUR,0.018,0.008,0.003,0,0,23.85,0,1,0
CUR,0.018,0.008,0.003,0,0,23.85,0,1,0
CUR,0.018,0.008,0.003,0,0,23.84,0,2,0
CUR,0.018,0.008,0.003,0,0,23.84,0,2,0
CUR,0.018,0.007,0.003,0,0,23.84,0,2,0
CUR,0.018,0.008,0.003,0,0,23.84,0,2,0
CUR,0.915,0.523,0.070,0,14,23.82,214,2,0
CUR,1.109,0.556,0.204,0,29,23.84,1242,2,0
CUR,1.109,0.537,0.202,0,29,23.81,1344,2,0
CUR,1.104,0.534,0.202,0,29,23.84,1350,2,0
CUR,1.104,0.535,0.202,0,29,23.84,1346,2,0
CUR,1.120,0.532,0.202,0,29,23.81,1348,2,0
CUR,1.109,0.529,0.203,0,29,23.84,1347,2,0
CUR,1.120,0.535,0.203,0,29,23.81,1349,2,0
CUR,1.104,0.534,0.186,0,0,23.85,1299,3,3
CUR,0.018,0.007,0.003,0,0,23.86,221,3,3
CUR,0.018,0.008,0.003,0,0,23.85,62,3,3
CUR,0.018,0.008,0.003,0,0,23.85,2,3,3
CUR,0.018,0.008,0.003,0,0,23.85,0,3,3
CUR,0.018,0.007,0.003,0,0,23.86,0,3,3
CUR,0.018,0.007,0.003,0,0,23.84,0,3,3
CUR,0.018,0.008,0.003,0,0,23.85,0,3,3
CUR,0.018,0.008,0.003,0,0,23.84,0,3,3
CUR,0.018,0.008,0.003,0,0,23.85,0,1,0
CUR,0.018,0.007,0.003,0,0,23.84,0,2,0
CUR,0.883,0.511,0.052,0,10,23.84,93,2,0
CUR,1.109,0.542,0.198,0,29,23.84,1197,2,0
CUR,1.120,0.528,0.201,0,29,23.82,1344,2,0
CUR,1.109,0.535,0.202,0,29,23.84,1344,2,0
CUR,1.114,0.534,0.202,0,29,23.82,1349,2,0
CUR,1.109,0.532,0.202,0,29,23.82,1348,2,0
CUR,1.109,0.534,0.202,0,29,23.84,1351,2,0
CUR,1.093,0.524,0.063,0,0,23.85,303,3,3
CUR,0.018,0.008,0.003,0,0,23.85,13,3,3
CUR,0.018,0.008,0.003,0,0,23.85,0,3,3
CUR,0.018,0.007,0.003,0,0,23.84,0,3,3
CUR,0.018,0.008,0.003,0,0,23.85,0,3,3
CUR,0.018,0.007,0.003,0,0,23.85,0,3,3
CUR,0.018,0.008,0.003,0,0,23.85,0,3,3
CUR,0.018,0.007,0.003,0,0,23.85,0,3,3
CUR,0.024,0.007,0.002,0,0,23.86,0,3,3
CUR,0.018,0.008,0.003,0,0,23.85,0,1,0
CUR,0.018,0.007,0.003,0,0,23.84,0,2,0
CUR,0.018,0.010,0.003,0,1,23.84,0,2,0
CUR,1.082,0.563,0.186,0,29,23.82,960,2,0
CUR,1.109,0.534,0.200,0,29,23.82,1335,2,0
CUR,1.109,0.533,0.200,0,29,23.85,1347,2,0
CUR,1.114,0.532,0.200,0,29,23.82,1351,2,0
CUR,1.114,0.531,0.200,0,29,23.85,1348,2,0
CUR,1.104,0.531,0.199,0,29,23.81,1351,2,0
CUR,1.104,0.535,0.064,0,0,23.84,323,3,3
CUR,0.018,0.008,0.003,0,0,23.85,14,3,3
CUR,0.018,0.007,0.003,0,0,23.85,0,3,3
CUR,0.018,0.007,0.003,0,0,23.84,0,3,3
CUR,0.018,0.008,0.003,0,0,23.84,0,3,3
CUR,0.018,0.008,0.002,0,0,23.84,0,3,3
CUR,0.018,0.008,0.003,0,0,23.85,0,3,3
CUR,0.018,0.007,0.002,0,0,23.84,0,3,3
CUR,0.013,0.007,0.002,0,0,23.84,0,3,3
CUR,0.018,0.007,0.003,0,0,23.85,0,1,0
CUR,0.024,0.009,0.003,0,0,23.84,0,2,0
CUR,0.830,0.495,0.047,0,9,23.84,55,2,0
CUR,1.104,0.552,0.195,0,29,23.85,1176,2,0
CUR,1.109,0.532,0.200,0,29,23.82,1343,2,0
CUR,1.120,0.532,0.200,0,29,23.81,1351,2,0
CUR,1.104,0.530,0.199,0,29,23.81,1351,2,0
CUR,1.109,0.533,0.200,0,29,23.84,1352,2,0
CUR,1.104,0.533,0.201,0,29,23.84,1350,2,0
CUR,1.109,0.527,0.064,0,0,23.85,367,3,3
CUR,0.018,0.008,0.003,0,0,23.85,21,3,3
CUR,0.018,0.008,0.003,0,0,23.85,0,3,3
CUR,0.018,0.008,0.003,0,0,23.84,0,3,3
CUR,0.018,0.007,0.003,0,0,23.84,0,3,3
CUR,0.018,0.008,0.003,0,0,23.85,0,3,3
CUR,0.018,0.007,0.003,0,0,23.85,0,3,3
CUR,0.018,0.008,0.003,0,0,23.85,0,3,3
CUR,0.018,0.007,0.003,0,0,23.85,0,3,3
CUR,0.018,0.008,0.003,0,0,23.85,0,3,3
CUR,0.018,0.008,0.003,0,0,23.85,0,1,0
CUR,0.024,0.007,0.003,0,0,23.85,0,1,0
CUR,0.239,0.235,0.010,0,3,23.84,0,2,0
CUR,1.093,0.555,0.196,0,29,23.84,1042,2,0
CUR,1.114,0.535,0.203,0,29,23.82,1335,2,0
CUR,1.109,0.536,0.202,0,29,23.81,1348,2,0
CUR,1.114,0.536,0.203,0,29,23.85,1349,2,0
CUR,1.109,0.533,0.203,0,29,23.81,1349,2,0
CUR,1.114,0.532,0.203,0,29,23.84,1348,2,0
CUR,1.109,0.530,0.044,0,0,23.85,327,3,3
CUR,0.013,0.007,0.003,0,0,23.85,192,3,3
CUR,0.018,0.009,0.003,0,0,23.85,23,3,3
CUR,0.018,0.008,0.003,0,0,23.85,1,3,3
CUR,0.018,0.008,0.003,0,0,23.85,0,3,3
CUR,0.018,0.007,0.003,0,0,23.84,0,3,3
CUR,0.018,0.008,0.003,0,0,23.85,0,3,3
CUR,0.018,0.008,0.003,0,0,23.85,0,3,3
CUR,0.018,0.008,0.003,0,0,23.85,0,3,3
CUR,0.018,0.007,0.003,0,0,23.85,0,1,0
CUR,0.018,0.007,0.003,0,0,23.85,0,1,0
CUR,0.169,0.167,0.006,0,3,23.84,0,2,0
CUR,1.087,0.546,0.197,0,29,23.82,1021,2,0
CUR,1.109,0.532,0.204,0,29,23.84,1334,2,0
CUR,1.109,0.532,0.205,0,29,23.81,1345,2,0
CUR,1.114,0.539,0.205,0,29,23.85,1348,2,0
CUR,1.109,0.539,0.205,0,29,23.81,1347,2,0
CUR,1.093,0.528,0.204,0,29,23.84,1348,2,0
CUR,1.077,0.523,0.024,0,0,23.85,144,3,3
CUR,0.018,0.007,0.003,0,0,23.85,6,3,3
CUR,0.018,0.008,0.003,0,0,23.85,0,3,3
CUR,0.018,0.007,0.003,0,0,23.85,0,3,3
CUR,0.018,0.007,0.003,0,0,23.85,0,3,3
CUR,0.013,0.007,0.003,0,0,23.86,0,3,3
CUR,0.018,0.007,0.003,0,0,23.85,0,3,3
CUR,0.018,0.007,0.003,0,0,23.85,0,3,3
CUR,0.013,0.008,0.003,0,0,23.85,0,3,3
CUR,0.018,0.008,0.003,0,0,23.85,0,3,3
CUR,0.018,0.008,0.003,0,0,23.85,0,3,3
CUR,0.018,0.008,0.003,0,0,23.85,0,1,0
CUR,0.024,0.008,0.003,0,0,23.85,0,1,0
CUR,0.013,0.007,0.003,0,0,23.84,0,2,0
CUR,0.013,0.007,0.003,0,0,23.84,0,2,0
CUR,0.937,0.590,0.092,0,17,23.84,335,2,0
CUR,1.104,0.538,0.206,0,29,23.79,1270,2,0
CUR,1.109,0.535,0.205,0,29,23.84,1344,2,0
CUR,1.104,0.538,0.204,0,29,23.79,1346,2,0
CUR,1.104,0.540,0.205,0,29,23.82,1348,2,0
CUR,1.109,0.535,0.204,0,29,23.84,1344,2,0
CUR,1.104,0.536,0.205,0,29,23.82,1348,2,0
CUR,1.071,0.525,0.028,0,0,23.86,170,3,3
CUR,0.018,0.008,0.003,0,0,23.85,7,3,3
CUR,0.018,0.007,0.003,0,0,23.85,0,3,3
CUR,0.013,0.008,0.003,0,0,23.85,0,3,3
CUR,0.018,0.008,0.003,0,0,23.85,0,3,3
CUR,0.024,0.008,0.003,0,0,23.85,0,3,3
CUR,0.018,0.007,0.003,0,0,23.85,0,3,3
CUR,0.013,0.007,0.003,0,0,23.85,0,3,3
CUR,0.013,0.007,0.003,0,0,23.85,0,3,3
CUR,0.013,0.008,0.003,0,0,23.85,0,1,0
CUR,0.018,0.008,0.003,0,0,23.85,0,1,0
CUR,0.749,0.320,0.032,0,6,23.85,0,2,0
CUR,1.087,0.552,0.194,0,29,23.84,1115,2,0
CUR,1.109,0.539,0.205,0,29,23.81,1337,2,0
CUR,1.109,0.538,0.204,0,29,23.82,1339,2,0
CUR,1.109,0.537,0.204,0,29,23.81,1348,2,0
CUR,1.109,0.538,0.205,0,29,23.82,1346,2,0
CUR,1.104,0.536,0.204,0,29,23.84,1348,2,0
CUR,1.082,0.523,0.025,0,0,23.85,201,3,3
CUR,0.018,0.008,0.003,0,0,23.85,8,3,3
CUR,0.018,0.008,0.003,0,0,23.85,0,3,3
CUR,0.013,0.007,0.003,0,0,23.85,0,3,3
CUR,0.018,0.007,0.003,0,0,23.85,0,3,3
CUR,0.018,0.008,0.003,0,0,23.85,0,3,3
CUR,0.018,0.007,0.003,0,0,23.85,0,3,3
CUR,0.018,0.008,0.003,0,0,23.86,0,3,3
CUR,0.018,0.008,0.003,0,0,23.85,0,3,3
CUR,0.018,0.007,0.003,0,0,23.84,0,1,0
CUR,0.018,0.007,0.003,0,0,23.84,0,1,0
CUR,0.846,0.497,0.042,0,8,23.82,40,2,0
CUR,1.093,0.555,0.196,0,29,23.84,1158,2,0
CUR,1.098,0.537,0.205,0,29,23.82,1338,2,0
CUR,1.109,0.533,0.204,0,29,23.84,1337,2,0
CUR,1.104,0.536,0.204,0,29,23.81,1347,2,0
CUR,1.104,0.539,0.204,0,29,23.84,1344,2,0
CUR,1.109,0.538,0.205,0,29,23.81,1347,2,0
CUR,1.087,0.522,0.066,0,0,23.85,366,3,3
CUR,0.018,0.008,0.003,0,0,23.85,15,3,3
CUR,0.018,0.007,0.003,0,0,23.84,0,3,3
CUR,0.018,0.007,0.003,0,0,23.85,0,3,3
CUR,0.018,0.008,0.003,0,0,23.85,0,3,3
CUR,0.018,0.008,0.003,0,0,23.84,0,3,3
CUR,0.018,0.009,0.003,0,0,23.86,0,3,3
CUR,0.018,0.007,0.003,0,0,23.84,0,3,3
CUR,0.018,0.007,0.003,0,0,23.84,0,3,3
CUR,0.018,0.008,0.003,0,0,23.84,0,1,0
CUR,0.018,0.007,0.003,0,0,23.85,0,1,0
CUR,0.787,0.557,0.036,0,7,23.84,8,2,0
CUR,1.087,0.541,0.194,0,29,23.82,1128,2,0
CUR,1.109,0.539,0.205,0,29,23.84,1337,2,0
CUR,1.109,0.535,0.205,0,29,23.82,1347,2,0
CUR,1.104,0.539,0.206,0,29,23.82,1346,2,0
CUR,1.104,0.534,0.205,0,29,23.84,1347,2,0
CUR,1.104,0.533,0.205,0,29,23.81,1347,2,0
CUR,1.082,0.522,0.027,0,0,23.85,266,3,3
CUR,0.018,0.008,0.003,0,0,23.85,15,3,3
CUR,0.018,0.007,0.003,0,0,23.85,0,3,3
CUR,0.018,0.007,0.003,0,0,23.85,0,3,3
CUR,0.018,0.009,0.003,0,0,23.85,0,3,3
CUR,0.018,0.007,0.003,0,0,23.84,0,3,3
CUR,0.018,0.007,0.003,0,0,23.84,0,3,3
CUR,0.018,0.008,0.003,0,0,23.85,0,3,3
CUR,0.018,0.007,0.003,0,0,23.84,0,3,3
CUR,0.018,0.008,0.003,0,0,23.85,0,1,0
CUR,0.018,0.007,0.004,0,0,23.85,0,1,0
CUR,0.067,0.058,0.004,0,2,23.84,0,2,0
CUR,1.098,0.657,0.198,0,29,23.81,995,2,0
CUR,1.104,0.538,0.205,0,29,23.84,1332,2,0
CUR,1.109,0.538,0.205,0,29,23.84,1347,2,0
CUR,1.109,0.537,0.206,0,29,23.81,1346,2,0
CUR,1.114,0.537,0.206,0,29,23.84,1347,2,0
CUR,1.109,0.538,0.205,0,29,23.82,1346,2,0
CUR,1.109,0.538,0.064,0,0,23.86,407,3,3
CUR,0.018,0.007,0.003,0,0,23.85,34,3,3
CUR,0.018,0.007,0.003,0,0,23.86,1,3,3
CUR,0.013,0.008,0.003,0,0,23.85,0,3,3
CUR,0.018,0.007,0.003,0,0,23.84,0,3,3
CUR,0.024,0.009,0.003,0,0,23.85,0,3,3
CUR,0.018,0.008,0.003,0,0,23.84,0,3,3
CUR,0.018,0.007,0.003,0,0,23.85,0,3,3
CUR,0.018,0.008,0.003,0,0,23.85,0,3,3
CUR,0.018,0.007,0.003,0,0,23.84,0,1,0
CUR,0.018,0.008,0.003,0,0,23.85,0,1,0
CUR,0.824,0.592,0.041,0,8,23.82,34,2,0
CUR,1.104,0.552,0.196,0,29,23.84,1153,2,0
CUR,1.104,0.539,0.205,0,29,23.82,1338,2,0
CUR,1.109,0.536,0.205,0,29,23.82,1347,2,0
CUR,1.114,0.533,0.205,0,29,23.84,1345,2,0
CUR,1.109,0.535,0.205,0,29,23.81,1347,2,0
CUR,1.093,0.520,0.205,0,29,23.82,1346,2,0
CUR,1.098,0.539,0.023,0,0,23.85,327,3,3
CUR,0.018,0.007,0.003,0,0,23.84,49,3,3
CUR,0.018,0.008,0.003,0,0,23.84,2,3,3
CUR,0.018,0.007,0.003,0,0,23.85,0,3,3
CUR,0.018,0.007,0.003,0,0,23.85,0,3,3
CUR,0.018,0.007,0.003,0,0,23.85,0,3,3
CUR,0.018,0.008,0.003,0,0,23.84,0,3,3
CUR,0.018,0.007,0.003,0,0,23.85,0,3,3
CUR,0.018,0.007,0.003,0,0,23.85,0,3,3
CUR,0.018,0.008,0.003,0,0,23.85,0,1,0
CUR,0.018,0.007,0.003,0,0,23.85,0,1,0
CUR,0.856,0.611,0.038,0,7,23.84,9,2,0
CUR,1.104,0.560,0.195,0,29,23.85,1130,2,0
CUR,1.104,0.537,0.205,0,29,23.82,1335,2,0
CUR,1.104,0.538,0.206,0,29,23.82,1346,2,0
CUR,1.109,0.530,0.206,0,29,23.84,1344,2,0
CUR,1.098,0.540,0.205,0,29,23.82,1347,2,0
CUR,1.104,0.539,0.205,0,29,23.84,1346,2,0
CUR,1.109,0.535,0.024,0,0,23.84,264,3,3
CUR,0.018,0.007,0.003,0,0,23.86,55,3,3
CUR,0.018,0.007,0.003,0,0,23.85,2,3,3
CUR,0.018,0.007,0.002,0,0,23.85,0,3,3
CUR,0.018,0.008,0.002,0,0,23.85,0,3,3
CUR,0.018,0.008,0.002,0,0,23.84,0,3,3
CUR,0.018,0.008,0.002,0,0,23.84,0,3,3
CUR,0.018,0.007,0.002,0,0,23.85,0,3,3
CUR,0.018,0.007,0.002,0,0,23.84,0,3,3
CUR,0.018,0.007,0.003,0,0,23.85,0,1,0
CUR,0.018,0.007,0.003,0,0,23.85,0,1,0
CUR,0.217,0.213,0.009,0,3,23.84,0,2,0
CUR,1.104,0.562,0.196,0,29,23.84,1036,2,0
CUR,1.109,0.538,0.205,0,29,23.82,1328,2,0
CUR,1.109,0.532,0.205,0,29,23.84,1346,2,0
CUR,1.109,0.533,0.205,0,29,23.81,1343,2,0
CUR,1.093,0.522,0.205,0,29,23.82,1346,2,0
CUR,1.109,0.539,0.205,0,29,23.85,1345,2,0
CUR,1.098,0.537,0.064,0,0,23.85,342,3,3
CUR,0.018,0.009,0.003,0,0,23.85,83,3,3
CUR,0.018,0.007,0.003,0,0,23.85,3,3,3
CUR,0.018,0.007,0.002,0,0,23.85,0,3,3
CUR,0.018,0.007,0.002,0,0,23.85,0,3,3
CUR,0.018,0.007,0.002,0,0,23.84,0,3,3
CUR,0.018,0.007,0.003,0,0,23.84,0,3,3
CUR,0.018,0.008,0.003,0,0,23.85,0,3,3
CUR,0.018,0.007,0.003,0,0,23.85,0,3,3
CUR,0.018,0.008,0.003,0,0,23.85,0,1,0
CUR,0.018,0.008,0.003,0,0,23.85,0,1,0
CUR,0.803,0.452,0.037,0,7,23.85,23,2,0
CUR,1.109,0.549,0.196,0,29,23.82,1145,2,0
CUR,1.109,0.533,0.205,0,29,23.84,1330,2,0
CUR,1.109,0.539,0.206,0,29,23.82,1347,2,0
CUR,1.104,0.536,0.205,0,29,23.84,1341,2,0
CUR,1.109,0.536,0.205,0,29,23.82,1347,2,0
CUR,1.109,0.533,0.206,0,29,23.82,1344,2,0
CUR,1.077,0.523,0.023,0,0,23.85,282,3,3
CUR,0.018,0.008,0.003,0,0,23.85,166,3,3
CUR,0.018,0.008,0.003,0,0,23.84,7,3,3
CUR,0.018,0.008,0.003,0,0,23.85,0,3,3
CUR,0.018,0.008,0.003,0,0,23.85,0,3,3
CUR,0.018,0.007,0.003,0,0,23.85,0,3,3
CUR,0.018,0.007,0.003,0,0,23.85,0,3,3
CUR,0.018,0.009,0.003,0,0,23.84,0,3,3
CUR,0.018,0.007,0.002,0,0,23.85,0,3,3
CUR,0.018,0.007,0.003,0,0,23.84,0,1,0
CUR,0.024,0.007,0.003,0,0,23.85,0,1,0
CUR,0.303,0.296,0.025,0,5,23.84,0,2,0
CUR,1.087,0.557,0.192,0,29,23.81,1090,2,0
CUR,1.109,0.537,0.205,0,29,23.84,1336,2,0
CUR,1.114,0.533,0.204,0,29,23.84,1347,2,0
CUR,1.109,0.534,0.205,0,29,23.82,1347,2,0
CUR,1.109,0.537,0.204,0,29,23.84,1348,2,0
CUR,1.109,0.537,0.205,0,29,23.82,1347,2,0
CUR,1.087,0.528,0.063,0,0,23.86,412,3,3
CUR,0.018,0.007,0.003,0,0,23.85,241,3,3
CUR,0.018,0.008,0.003,0,0,23.85,15,3,3
CUR,0.018,0.007,0.002,0,0,23.85,0,3,3
CUR,0.018,0.007,0.002,0,0,23.85,0,3,3
CUR,0.018,0.007,0.002,0,0,23.85,0,3,3
CUR,0.018,0.008,0.002,0,0,23.85,0,3,3
CUR,0.018,0.007,0.002,0,0,23.86,0,3,3
CUR,0.018,0.007,0.002,0,0,23.85,0,3,3
CUR,0.018,0.008,0.003,0,0,23.85,0,1,0
CUR,0.018,0.008,0.003,0,0,23.85,0,1,0
CUR,0.862,0.611,0.013,0,4,23.84,0,2,0
CUR,1.077,0.538,0.199,0,29,23.81,1049,2,0
CUR,1.104,0.533,0.205,0,29,23.84,1334,2,0
CUR,1.104,0.541,0.204,0,29,23.82,1347,2,0
CUR,1.109,0.535,0.205,0,29,23.82,1347,2,0
CUR,1.109,0.539,0.204,0,29,23.82,1347,2,0
CUR,1.098,0.540,0.204,0,29,23.81,1348,2,0
CUR,1.087,0.524,0.065,0,0,23.85,405,3,3
CUR,0.018,0.007,0.003,0,0,23.85,228,3,3
CUR,0.018,0.007,0.003,0,0,23.85,23,3,3
CUR,0.018,0.008,0.003,0,0,23.85,1,3,3
CUR,0.018,0.008,0.003,0,0,23.84,0,3,3
CUR,0.018,0.007,0.003,0,0,23.84,0,3,3
CUR,0.018,0.007,0.003,0,0,23.86,0,3,3
CUR,0.018,0.008,0.003,0,0,23.85,0,3,3
CUR,0.018,0.008,0.003,0,0,23.84,0,3,3
CUR,0.018,0.008,0.003,0,0,23.85,0,1,0
CUR,0.018,0.007,0.003,0,0,23.85,0,1,0
CUR,0.813,0.473,0.038,0,8,23.84,46,2,0
CUR,1.098,0.546,0.197,0,29,23.82,1160,2,0
CUR,1.098,0.536,0.204,0,29,23.82,1340,2,0
CUR,1.109,0.537,0.205,0,29,23.84,1346,2,0
CUR,1.104,0.539,0.204,0,29,23.84,1348,2,0
CUR,1.109,0.538,0.205,0,29,23.82,1348,2,0
CUR,1.104,0.533,0.204,0,29,23.85,1349,2,0
CUR,1.114,0.532,0.064,0,0,23.85,348,3,3
CUR,0.018,0.008,0.003,0,0,23.85,152,3,3
CUR,0.018,0.008,0.003,0,0,23.85,26,3,3
CUR,0.018,0.007,0.003,0,0,23.85,1,3,3
CUR,0.018,0.007,0.003,0,0,23.85,0,3,3
CUR,0.013,0.007,0.003,0,0,23.85,0,3,3
CUR,0.018,0.007,0.003,0,0,23.84,0,3,3
CUR,0.018,0.007,0.003,0,0,23.85,0,3,3
CUR,0.018,0.007,0.003,0,0,23.84,0,3,3
CUR,0.018,0.007,0.003,0,0,23.85,0,1,0
CUR,0.018,0.008,0.003,0,0,23.85,0,1,0
CUR,0.722,0.476,0.022,0,5,23.84,0,2,0
CUR,1.077,0.562,0.194,0,29,23.82,1075,2,0
CUR,1.109,0.534,0.205,0,29,23.85,1336,2,0
CUR,1.093,0.530,0.205,0,29,23.81,1347,2,0
CUR,1.109,0.543,0.205,0,29,23.82,1347,2,0
CUR,1.093,0.530,0.204,0,29,23.82,1345,2,0
CUR,1.109,0.535,0.205,0,29,23.82,1347,2,0
CUR,1.093,0.529,0.024,0,0,23.84,156,3,3
CUR,0.018,0.007,0.003,0,0,23.84,6,3,3
CUR,0.018,0.008,0.003,0,0,23.84,0,3,3
CUR,0.018,0.007,0.003,0,0,23.85,0,3,3
CUR,0.018,0.008,0.003,0,0,23.86,0,3,3
CUR,0.018,0.008,0.003,0,0,23.84,0,3,3
CUR,0.018,0.007,0.002,0,0,23.85,0,3,3
CUR,0.024,0.009,0.003,0,0,23.85,0,3,3
CUR,0.018,0.007,0.003,0,0,23.85,0,3,3
CUR,0.018,0.007,0.003,0,0,23.84,0,1,0
CUR,0.018,0.007,0.003,0,0,23.84,0,1,0
CUR,0.878,0.626,0.047,0,8,23.85,50,2,0
CUR,1.098,0.548,0.198,0,29,23.84,1164,2,0
CUR,1.104,0.532,0.205,0,29,23.82,1340,2,0
CUR,1.109,0.535,0.204,0,29,23.84,1347,2,0
CUR,1.109,0.536,0.204,0,29,23.81,1348,2,0
CUR,1.109,0.539,0.205,0,29,23.85,1345,2,0
CUR,1.104,0.537,0.204,0,29,23.81,1348,2,0
CUR,1.104,0.533,0.022,0,0,23.85,172,3,3
CUR,0.018,0.007,0.003,0,0,23.85,7,3,3
CUR,0.018,0.008,0.003,0,0,23.85,0,3,3
CUR,0.018,0.007,0.003,0,0,23.85,0,3,3
CUR,0.018,0.007,0.003,0,0,23.85,0,3,3
CUR,0.013,0.007,0.003,0,0,23.85,0,3,3
CUR,0.018,0.007,0.003,0,0,23.85,0,3,3
CUR,0.018,0.007,0.003,0,0,23.85,0,3,3
CUR,0.018,0.007,0.003,0,0,23.85,0,3,3
CUR,0.018,0.007,0.003,0,0,23.85,0,1,0
CUR,0.018,0.008,0.003,0,0,23.86,0,1,0
CUR,0.346,0.344,0.026,0,5,23.84,0,2,0
CUR,1.093,0.550,0.193,0,29,23.82,1078,2,0
CUR,1.109,0.541,0.204,0,29,23.84,1336,2,0
CUR,1.109,0.535,0.204,0,29,23.82,1343,2,0
CUR,1.109,0.535,0.204,0,29,23.85,1348,2,0
CUR,1.104,0.533,0.204,0,29,23.81,1340,2,0
CUR,1.109,0.531,0.204,0,29,23.84,1348,2,0
CUR,1.109,0.534,0.025,0,0,23.85,283,3,3
CUR,0.018,0.008,0.003,0,0,23.84,12,3,3
CUR,0.018,0.007,0.003,0,0,23.85,0,3,3
CUR,0.018,0.007,0.003,0,0,23.85,0,3,3
CUR,0.018,0.008,0.003,0,0,23.84,0,3,3
CUR,0.018,0.007,0.003,0,0,23.85,0,3,3
CUR,0.018,0.007,0.003,0,0,23.85,0,3,3
CUR,0.018,0.008,0.003,0,0,23.85,0,3,3
CUR,0.018,0.007,0.003,0,0,23.85,0,3,3
CUR,0.018,0.008,0.003,0,0,23.84,0,1,0
CUR,0.018,0.007,0.003,0,0,23.85,0,1,0
CUR,0.018,0.010,0.003,0,1,23.84,0,2,0
CUR,1.077,0.544,0.180,0,29,23.82,943,2,0
CUR,1.104,0.535,0.204,0,29,23.86,1331,2,0
CUR,1.104,0.539,0.204,0,29,23.85,1348,2,0
CUR,1.114,0.532,0.204,0,29,23.81,1348,2,0
CUR,1.109,0.532,0.204,0,29,23.84,1348,2,0
CUR,1.109,0.540,0.204,0,29,23.81,1348,2,0
CUR,1.104,0.532,0.104,0,0,23.84,535,3,3
CUR,0.018,0.008,0.003,0,0,23.85,25,3,3
CUR,0.018,0.008,0.003,0,0,23.85,1,3,3
CUR,0.018,0.007,0.003,0,0,23.85,0,3,3
CUR,0.018,0.007,0.003,0,0,23.85,0,3,3
CUR,0.018,0.008,0.003,0,0,23.84,0,3,3
CUR,0.018,0.007,0.003,0,0,23.85,0,3,3
CUR,0.018,0.008,0.003,0,0,23.85,0,3,3
CUR,0.018,0.009,0.003,0,0,23.85,0,3,3
CUR,0.018,0.008,0.003,0,0,23.84,0,1,0
CUR,0.018,0.007,0.003,0,0,23.85,0,1,0
CUR,0.190,0.185,0.008,0,3,23.84,0,2,0
CUR,1.087,0.551,0.196,0,29,23.82,1029,2,0
CUR,1.104,0.534,0.204,0,29,23.84,1333,2,0
CUR,1.109,0.536,0.204,0,29,23.82,1348,2,0
CUR,1.109,0.531,0.204,0,29,23.84,1348,2,0
CUR,1.104,0.536,0.204,0,29,23.82,1349,2,0
CUR,1.109,0.534,0.203,0,29,23.84,1349,2,0
CUR,1.104,0.536,0.085,0,0,23.85,441,3,3
CUR,0.018,0.008,0.003,0,0,23.85,28,3,3
CUR,0.018,0.007,0.003,0,0,23.85,1,3,3
CUR,0.018,0.008,0.003,0,0,23.85,0,3,3
CUR,0.018,0.008,0.003,0,0,23.85,0,3,3
CUR,0.018,0.007,0.003,0,0,23.85,0,3,3
CUR,0.018,0.008,0.003,0,0,23.86,0,3,3
CUR,0.018,0.008,0.003,0,0,23.85,0,3,3
CUR,0.018,0.007,0.003,0,0,23.85,0,3,3
CUR,0.018,0.007,0.003,0,0,23.84,0,1,0
CUR,0.018,0.008,0.003,0,0,23.85,0,1,0
CUR,0.787,0.557,0.031,0,6,23.85,2,2,0
CUR,1.109,0.550,0.194,0,29,23.82,1112,2,0
CUR,1.109,0.535,0.204,0,29,23.84,1338,2,0
CUR,1.114,0.533,0.204,0,29,23.82,1348,2,0
CUR,1.109,0.537,0.203,0,29,23.84,1348,2,0
CUR,1.104,0.536,0.204,0,29,23.82,1347,2,0
CUR,1.104,0.541,0.204,0,29,23.84,1347,2,0
CUR,1.109,0.531,0.085,0,0,23.85,448,3,3
CUR,0.018,0.007,0.003,0,0,23.84,41,3,3
CUR,0.013,0.008,0.003,0,0,23.85,1,3,3
CUR,0.018,0.008,0.003,0,0,23.85,0,3,3
CUR,0.018,0.008,0.003,0,0,23.85,0,3,3
CUR,0.018,0.008,0.003,0,0,23.84,0,3,3
CUR,0.018,0.007,0.003,0,0,23.86,0,3,3
CUR,0.018,0.008,0.003,0,0,23.85,0,3,3
CUR,0.018,0.008,0.003,0,0,23.84,0,3,3
CUR,0.018,0.008,0.003,0,0,23.85,0,1,0
CUR,0.018,0.007,0.003,0,0,23.85,0,1,0
CUR,0.813,0.582,0.020,0,4,23.82,0,2,0
CUR,1.093,0.551,0.194,0,29,23.84,1072,2,0
CUR,1.114,0.536,0.204,0,29,23.79,1334,2,0
CUR,1.104,0.535,0.204,0,29,23.84,1348,2,0
CUR,1.109,0.538,0.204,0,29,23.82,1344,2,0
CUR,1.114,0.536,0.205,0,29,23.82,1347,2,0
CUR,1.109,0.540,0.205,0,29,23.82,1346,2,0
CUR,1.098,0.524,0.043,0,0,23.84,283,3,3
CUR,0.018,0.007,0.003,0,0,23.85,44,3,3
CUR,0.018,0.007,0.003,0,0,23.84,1,3,3
CUR,0.018,0.007,0.003,0,0,23.85,0,3,3
CUR,0.018,0.008,0.003,0,0,23.85,0,3,3
CUR,0.013,0.008,0.003,0,0,23.85,0,3,3
CUR,0.018,0.008,0.003,0,0,23.85,0,3,3
CUR,0.013,0.008,0.003,0,0,23.84,0,3,3
CUR,0.018,0.007,0.003,0,0,23.85,0,3,3
CUR,0.018,0.007,0.003,0,0,23.85,0,1,0
CUR,0.013,0.007,0.004,0,0,23.85,0,1,0
CUR,0.018,0.007,0.003,0,2,23.84,0,2,0
CUR,1.109,0.556,0.191,0,29,23.81,975,2,0
CUR,1.114,0.536,0.205,0,29,23.84,1331,2,0
CUR,1.109,0.533,0.204,0,29,23.82,1347,2,0
CUR,1.114,0.533,0.205,0,29,23.82,1345,2,0
CUR,1.109,0.541,0.204,0,29,23.81,1348,2,0
CUR,1.109,0.534,0.205,0,29,23.82,1344,2,0
CUR,1.066,0.527,0.024,0,0,23.85,261,3,3
CUR,0.018,0.007,0.003,0,0,23.84,74,3,3
CUR,0.018,0.007,0.003,0,0,23.84,3,3,3
CUR,0.018,0.008,0.003,0,0,23.85,0,3,3
CUR,0.018,0.008,0.003,0,0,23.84,0,3,3
CUR,0.018,0.008,0.003,0,0,23.84,0,3,3
CUR,0.018,0.007,0.003,0,0,23.85,0,3,3
CUR,0.018,0.008,0.003,0,0,23.85,0,3,3
CUR,0.018,0.007,0.003,0,0,23.84,0,3,3
CUR,0.018,0.007,0.003,0,0,23.84,0,1,0
CUR,0.018,0.007,0.003,0,0,23.84,0,1,0
CUR,0.018,0.007,0.003,0,0,23.84,0,2,0
CUR,1.001,0.575,0.104,0,19,23.84,425,2,0
CUR,1.109,0.557,0.207,0,29,23.82,1286,2,0
CUR,1.109,0.538,0.204,0,29,23.82,1346,2,0
CUR,1.120,0.531,0.203,0,29,23.82,1344,2,0
CUR,1.109,0.537,0.203,0,29,23.84,1349,2,0
CUR,1.104,0.534,0.203,0,29,23.82,1348,2,0
CUR,1.098,0.537,0.023,0,0,23.85,316,3,3
CUR,0.018,0.009,0.003,0,0,23.85,162,3,3
CUR,0.018,0.008,0.003,0,0,23.85,7,3,3
CUR,0.018,0.008,0.003,0,0,23.84,0,3,3
CUR,0.013,0.007,0.003,0,0,23.85,0,3,3
CUR,0.018,0.008,0.003,0,0,23.84,0,3,3
CUR,0.018,0.007,0.003,0,0,23.85,0,3,3
CUR,0.018,0.007,0.003,0,0,23.85,0,3,3
CUR,0.018,0.008,0.003,0,0,23.85,0,3,3
CUR,0.018,0.008,0.003,0,0,23.84,0,1,0
CUR,0.018,0.008,0.004,0,0,23.85,0,1,0
CUR,0.819,0.588,0.041,0,8,23.82,33,2,0
CUR,1.098,0.544,0.195,0,29,23.85,1155,2,0
CUR,1.114,0.535,0.202,0,29,23.82,1339,2,0
CUR,1.109,0.542,0.203,0,29,23.81,1349,2,0
CUR,1.104,0.534,0.203,0,29,23.84,1334,2,0
CUR,1.114,0.532,0.203,0,29,23.81,1348,2,0
CUR,1.098,0.537,0.203,0,29,23.85,1349,2,0
CUR,1.104,0.533,0.062,0,0,23.84,354,3,3
CUR,0.018,0.008,0.003,0,0,23.85,169,3,3
CUR,0.018,0.008,0.003,0,0,23.84,8,3,3
CUR,0.024,0.008,0.003,0,0,23.85,0,3,3
CUR,0.018,0.007,0.003,0,0,23.85,0,3,3
CUR,0.013,0.007,0.003,0,0,23.85,0,3,3
CUR,0.018,0.007,0.003,0,0,23.85,0,3,3
CUR,0.018,0.008,0.003,0,0,23.85,0,3,3
CUR,0.018,0.009,0.003,0,0,23.85,0,3,3
CUR,0.018,0.007,0.003,0,0,23.85,0,1,0
CUR,0.018,0.008,0.003,0,0,23.85,0,1,0
CUR,0.663,0.429,0.029,0,6,23.84,0,2,0
CUR,1.109,0.555,0.192,0,29,23.82,1110,2,0
CUR,1.109,0.536,0.202,0,29,23.82,1340,2,0
CUR,1.114,0.540,0.203,0,29,23.84,1348,2,0
CUR,1.104,0.534,0.203,0,29,23.81,1349,2,0
CUR,1.109,0.536,0.202,0,29,23.85,1350,2,0
CUR,1.120,0.537,0.203,0,29,23.84,1350,2,0
CUR,1.093,0.529,0.022,0,0,23.85,258,3,3
CUR,0.018,0.008,0.003,0,0,23.84,158,3,3
CUR,0.018,0.008,0.003,0,0,23.85,13,3,3
CUR,0.018,0.008,0.003,0,0,23.84,0,3,3
CUR,0.018,0.007,0.003,0,0,23.86,0,3,3
CUR,0.018,0.007,0.003,0,0,23.85,0,3,3
CUR,0.018,0.007,0.003,0,0,23.85,0,3,3
CUR,0.018,0.008,0.003,0,0,23.84,0,3,3
CUR,0.018,0.008,0.003,0,0,23.85,0,3,3
CUR,0.018,0.008,0.003,0,0,23.84,0,1,0
CUR,0.018,0.007,0.003,0,0,23.85,0,1,0
CUR,0.819,0.582,0.022,0,5,23.82,0,2,0
CUR,1.104,0.545,0.193,0,29,23.84,1078,2,0
CUR,1.104,0.534,0.201,0,29,23.82,1338,2,0
CUR,1.114,0.532,0.202,0,29,23.81,1349,2,0
CUR,1.109,0.532,0.203,0,29,23.84,1350,2,0
CUR,1.109,0.532,0.203,0,29,23.82,1347,2,0
CUR,1.109,0.534,0.202,0,29,23.82,1350,2,0
CUR,1.093,0.524,0.024,0,0,23.84,244,3,3
CUR,0.018,0.008,0.003,0,0,23.85,139,3,3
CUR,0.013,0.007,0.003,0,0,23.84,19,3,3
CUR,0.018,0.008,0.003,0,0,23.85,0,3,3
CUR,0.018,0.007,0.003,0,0,23.85,0,3,3
CUR,0.018,0.008,0.003,0,0,23.86,0,3,3
CUR,0.018,0.008,0.003,0,0,23.85,0,3,3
CUR,0.018,0.008,0.003,0,0,23.84,0,3,3
CUR,0.018,0.007,0.003,0,0,23.84,0,3,3
CUR,0.018,0.007,0.003,0,0,23.85,0,1,0
CUR,0.018,0.008,0.003,0,0,23.84,0,1,0
CUR,0.824,0.458,0.036,0,7,23.84,23,2,0
CUR,1.093,0.545,0.194,0,29,23.85,1142,2,0
CUR,1.109,0.533,0.201,0,29,23.82,1342,2,0
CUR,1.109,0.532,0.201,0,29,23.82,1349,2,0
CUR,1.109,0.532,0.200,0,29,23.82,1352,2,0
CUR,1.109,0.530,0.199,0,29,23.82,1352,2,0
CUR,1.120,0.529,0.199,0,29,23.84,1353,2,0
CUR,1.087,0.519,0.023,0,0,23.85,149,3,3
CUR,0.018,0.008,0.003,0,0,23.85,6,3,3
CUR,0.018,0.007,0.003,0,0,23.85,0,3,3
CUR,0.018,0.008,0.003,0,0,23.82,0,3,3
CUR,0.018,0.007,0.003,0,0,23.85,0,3,3
CUR,0.018,0.008,0.003,0,0,23.84,0,3,3
CUR,0.018,0.007,0.002,0,0,23.85,0,3,3
CUR,0.018,0.007,0.003,0,0,23.85,0,3,3
CUR,0.018,0.007,0.003,0,0,23.85,0,3,3
CUR,0.018,0.007,0.003,0,0,23.85,0,1,0
CUR,0.018,0.007,0.003,0,0,23.85,0,1,0
CUR,0.018,0.007,0.003,0,0,23.84,0,2,0
CUR,1.044,0.530,0.156,0,27,23.82,775,2,0
CUR,1.114,0.539,0.202,0,29,23.82,1326,2,0
CUR,1.109,0.536,0.200,0,29,23.82,1346,2,0
CUR,1.114,0.530,0.201,0,29,23.84,1351,2,0
CUR,1.114,0.533,0.201,0,29,23.84,1348,2,0
CUR,1.120,0.533,0.200,0,29,23.82,1351,2,0
CUR,1.098,0.533,0.022,0,0,23.85,161,3,3
CUR,0.018,0.008,0.003,0,0,23.85,7,3,3
CUR,0.018,0.008,0.003,0,0,23.84,0,3,3
CUR,0.018,0.007,0.003,0,0,23.85,0,3,3
CUR,0.018,0.007,0.003,0,0,23.85,0,3,3
CUR,0.018,0.008,0.003,0,0,23.85,0,3,3
CUR,0.018,0.008,0.003,0,0,23.85,0,3,3
CUR,0.013,0.007,0.003,0,0,23.85,0,3,3
CUR,0.018,0.008,0.003,0,0,23.85,0,3,3
CUR,0.018,0.008,0.003,0,0,23.84,0,1,0
CUR,0.018,0.008,0.003,0,0,23.84,0,1,0
CUR,0.754,0.469,0.030,0,6,23.82,1,2,0
CUR,1.109,0.559,0.192,0,29,23.82,1105,2,0
CUR,1.114,0.534,0.201,0,29,23.82,1340,2,0
CUR,1.120,0.529,0.201,0,29,23.84,1342,2,0
CUR,1.114,0.530,0.201,0,29,23.84,1351,2,0
CUR,1.109,0.533,0.202,0,29,23.82,1351,2,0
CUR,1.104,0.532,0.201,0,29,23.81,1351,2,0
CUR,1.109,0.530,0.024,0,0,23.84,198,3,3
CUR,0.018,0.007,0.003,0,0,23.84,8,3,3
CUR,0.018,0.007,0.003,0,0,23.85,0,3,3
CUR,0.024,0.007,0.003,0,0,23.85,0,3,3
CUR,0.013,0.007,0.003,0,0,23.85,0,3,3
CUR,0.013,0.008,0.003,0,0,23.85,0,3,3
CUR,0.013,0.007,0.003,0,0,23.85,0,3,3
CUR,0.018,0.007,0.003,0,0,23.85,0,3,3
CUR,0.018,0.008,0.003,0,0,23.85,0,3,3
CUR,0.018,0.008,0.003,0,0,23.85,0,1,0
CUR,0.018,0.007,0.003,0,0,23.84,0,1,0
CUR,0.104,0.097,0.004,0,2,23.85,0,2,0
CUR,1.082,0.552,0.196,0,29,23.82,999,2,0
CUR,1.114,0.534,0.201,0,29,23.84,1336,2,0
CUR,1.114,0.535,0.201,0,29,23.84,1349,2,0
CUR,1.109,0.533,0.201,0,29,23.82,1350,2,0
CUR,1.114,0.530,0.201,0,29,23.81,1350,2,0
CUR,1.109,0.531,0.201,0,29,23.82,1351,2,0
CUR,1.109,0.531,0.065,0,0,23.85,344,3,3
CUR,0.018,0.007,0.003,0,0,23.85,15,3,3
CUR,0.018,0.007,0.003,0,0,23.85,0,3,3
CUR,0.018,0.007,0.003,0,0,23.85,0,3,3
CUR,0.018,0.007,0.003,0,0,23.85,0,3,3
CUR,0.018,0.008,0.003,0,0,23.85,0,3,3
CUR,0.018,0.008,0.003,0,0,23.84,0,3,3
CUR,0.024,0.007,0.003,0,0,23.85,0,3,3
CUR,0.013,0.007,0.003,0,0,23.86,0,3,3
CUR,0.018,0.008,0.003,0,0,23.85,0,3,3
CUR,0.018,0.008,0.003,0,0,23.85,0,3,3
CUR,0.018,0.008,0.003,0,0,23.86,0,3,3
CUR,0.018,0.008,0.003,0,0,23.84,0,3,3
CUR,0.018,0.007,0.003,0,0,23.85,0,3,3
CUR,0.018,0.007,0.003,0,0,23.85,0,3,3
CUR,0.018,0.007,0.003,0,0,23.85,0,3,3
CUR,0.018,0.008,0.003,0,0,23.85,0,3,3
CUR,0.018,0.008,0.003,0,0,23.85,0,3,3
CUR,0.018,0.007,0.003,0,0,23.85,0,3,3
CUR,0.018,0.007,0.003,0,0,23.85,0,3,3
CUR,0.018,0.007,0.003,0,0,23.85,0,3,3
CUR,0.018,0.007,0.003,0,0,23.85,0,3,3
CUR,0.018,0.007,0.003,0,0,23.84,0,3,3
CUR,0.018,0.008,0.003,0,0,23.85,0,3,3
CUR,0.018,0.007,0.003,0,0,23.84,0,3,3
CUR,0.018,0.008,0.003,0,0,23.85,0,3,3
CUR,0.018,0.007,0.003,0,0,23.84,0,3,3
CUR,0.024,0.009,0.003,0,0,23.85,0,3,3
CUR,0.018,0.007,0.003,0,0,23.85,0,3,3
CUR,0.013,0.007,0.003,0,0,23.85,0,3,3
CUR,0.013,0.007,0.003,0,0,23.85,0,3,3
CUR,0.018,0.008,0.003,0,0,23.85,0,3,3
CUR,0.018,0.008,0.003,0,0,23.85,0,3,3
CUR,0.018,0.007,0.003,0,0,23.85,0,3,3
CUR,0.018,0.008,0.003,0,0,23.85,0,3,3
CUR,0.018,0.008,0.003,0,0,23.85,0,3,3
CUR,0.018,0.007,0.003,0,0,23.85,0,3,3
CUR,0.018,0.008,0.003,0,0,23.84,0,3,3
CUR,0.018,0.007,0.003,0,0,23.85,0,3,3
CUR,0.018,0.008,0.003,0,0,23.85,0,3,3
CUR,0.018,0.007,0.003,0,0,23.85,0,3,3
CUR,0.018,0.007,0.003,0,0,23.85,0,3,3
CUR,0.018,0.008,0.003,0,0,23.85,0,3,3
CUR,0.018,0.007,0.003,0,0,23.85,0,3,3
CUR,0.018,0.008,0.003,0,0,23.85,0,3,3
CUR,0.018,0.008,0.003,0,0,23.85,0,3,3
CUR,0.018,0.008,0.003,0,0,23.84,0,3,3
CUR,0.018,0.008,0.003,0,0,23.85,0,3,3
CUR,0.018,0.007,0.003,0,0,23.85,0,3,3
CUR,0.018,0.007,0.003,0,0,23.85,0,3,3
CUR,0.013,0.007,0.003,0,0,23.84,0,3,3
CUR,0.018,0.008,0.003,0,0,23.84,0,3,3
CUR,0.018,0.008,0.003,0,0,23.85,0,3,3
CUR,0.018,0.008,0.003,0,0,23.86,0,3,3
CUR,0.018,0.007,0.003,0,0,23.85,0,3,3
CUR,0.018,0.007,0.003,0,0,23.84,0,3,3
CUR,0.018,0.007,0.003,0,0,23.85,0,3,3
CUR,0.018,0.007,0.003,0,0,23.84,0,3,3
CUR,0.018,0.007,0.003,0,0,23.85,0,3,3
CUR,0.018,0.007,0.003,0,0,23.85,0,3,3
CUR,0.018,0.008,0.003,0,0,23.84,0,3,3
CUR,0.018,0.008,0.003,0,0,23.84,0,3,3
CUR,0.013,0.007,0.003,0,0,23.85,0,3,3
CUR,0.018,0.007,0.003,0,0,23.84,0,3,3
CUR,0.018,0.007,0.003,0,0,23.85,0,3,3
CUR,0.018,0.007,0.003,0,0,23.85,0,3,3
CUR,0.018,0.008,0.003,0,0,23.85,0,3,3
CUR,0.018,0.007,0.003,0,0,23.85,0,3,3
CUR,0.024,0.009,0.003,0,0,23.85,0,3,3
CUR,0.018,0.008,0.003,0,0,23.84,0,3,3
CUR,0.018,0.007,0.003,0,0,23.84,0,3,3
CUR,0.018,0.008,0.003,0,0,23.85,0,3,3
CUR,0.018,0.008,0.003,0,0,23.84,0,3,3
CUR,0.018,0.008,0.003,0,0,23.84,0,3,3
CUR,0.018,0.008,0.003,0,0,23.85,0,3,3
CUR,0.018,0.007,0.003,0,0,23.85,0,3,3
CUR,0.018,0.008,0.003,0,0,23.85,0,3,3
CUR,0.018,0.008,0.003,0,0,23.85,0,3,3
CUR,0.018,0.008,0.003,0,0,23.84,0,3,3
CUR,0.018,0.007,0.003,0,0,23.85,0,3,3
CUR,0.018,0.007,0.003,0,0,23.85,0,3,3
CUR,0.024,0.007,0.003,0,0,23.85,0,3,3
CUR,0.018,0.008,0.003,0,0,23.85,0,3,3
CUR,0.018,0.008,0.003,0,0,23.85,0,3,3
CUR,0.018,0.008,0.003,0,0,23.86,0,3,3
CUR,0.013,0.008,0.003,0,0,23.85,0,3,3
CUR,0.018,0.008,0.003,0,0,23.85,0,3,3
CUR,0.018,0.008,0.003,0,0,23.84,0,3,3
CUR,0.013,0.007,0.003,0,0,23.85,0,3,3
CUR,0.018,0.008,0.003,0,0,23.84,0,3,3
CUR,0.018,0.008,0.003,0,0,23.84,0,3,3
CUR,0.013,0.007,0.003,0,0,23.85,0,3,3
CUR,0.018,0.007,0.003,0,0,23.85,0,3,3
CUR,0.018,0.007,0.003,0,0,23.85,0,3,3
CUR,0.018,0.008,0.003,0,0,23.85,0,3,3
CUR,0.018,0.008,0.003,0,0,23.85,0,3,3
CUR,0.018,0.008,0.003,0,0,23.85,0,3,3
CUR,0.018,0.008,0.003,0,0,23.85,0,3,3
CUR,0.018,0.009,0.003,0,0,23.85,0,3,3
CUR,0.018,0.007,0.003,0,0,23.84,0,3,3
CUR,0.018,0.007,0.003,0,0,23.85,0,3,3
CUR,0.018,0.008,0.003,0,0,23.85,0,3,3
CUR,0.018,0.007,0.003,0,0,23.84,0,3,3
CUR,0.018,0.007,0.003,0,0,23.85,0,3,3
CUR,0.018,0.007,0.003,0,0,23.85,0,3,3
CUR,0.018,0.008,0.003,0,0,23.85,0,3,3
CUR,0.018,0.008,0.003,0,0,23.84,0,3,3
CUR,0.018,0.007,0.003,0,0,23.85,0,3,3
CUR,0.018,0.007,0.003,0,0,23.85,0,3,3
CUR,0.018,0.007,0.003,0,0,23.86,0,3,3
CUR,0.018,0.007,0.003,0,0,23.85,0,3,3
CUR,0.018,0.007,0.003,0,0,23.85,0,3,3
CUR,0.024,0.007,0.003,0,0,23.85,0,3,3
CUR,0.018,0.008,0.003,0,0,23.84,0,3,3
CUR,0.018,0.007,0.003,0,0,23.85,0,3,3
CUR,0.018,0.008,0.003,0,0,23.85,0,3,3
CUR,0.018,0.007,0.003,0,0,23.85,0,3,3
CUR,0.018,0.008,0.003,0,0,23.85,0,3,3
CUR,0.018,0.008,0.003,0,0,23.84,0,3,3
CUR,0.018,0.008,0.003,0,0,23.85,0,3,3
CUR,0.018,0.009,0.003,0,0,23.85,0,3,3
CUR,0.018,0.008,0.003,0,0,23.85,0,3,3
CUR,0.018,0.007,0.003,0,0,23.85,0,3,3
CUR,0.018,0.008,0.003,0,0,23.85,0,3,3
CUR,0.018,0.008,0.003,0,0,23.85,0,3,3
CUR,0.018,0.009,0.003,0,0,23.85,0,3,3
CUR,0.018,0.007,0.003,0,0,23.84,0,3,3
CUR,0.024,0.008,0.003,0,0,23.85,0,3,3
CUR,0.018,0.008,0.003,0,0,23.85,0,3,3
CUR,0.018,0.008,0.003,0,0,23.84,0,3,3
CUR,0.018,0.008,0.003,0,0,23.85,0,3,3
CUR,0.018,0.008,0.003,0,0,23.85,0,3,3
CUR,0.018,0.007,0.003,0,0,23.85,0,3,3
CUR,0.018,0.008,0.003,0,0,23.85,0,3,3
CUR,0.018,0.008,0.003,0,0,23.85,0,3,3
CUR,0.018,0.007,0.003,0,0,23.85,0,3,3
CUR,0.018,0.008,0.003,0,0,23.84,0,3,3
CUR,0.018,0.007,0.003,0,0,23.85,0,3,3
CUR,0.018,0.007,0.003,0,0,23.85,0,3,3
CUR,0.018,0.008,0.003,0,0,23.85,0,3,3
CUR,0.018,0.007,0.003,0,0,23.86,0,3,3
CUR,0.018,0.008,0.003,0,0,23.84,0,3,3
CUR,0.018,0.008,0.003,0,0,23.85,0,3,3
CUR,0.018,0.008,0.003,0,0,23.85,0,3,3
CUR,0.018,0.007,0.003,0,0,23.85,0,3,3
CUR,0.018,0.008,0.003,0,0,23.86,0,3,3
CUR,0.018,0.007,0.003,0,0,23.85,0,3,3
CUR,0.018,0.008,0.003,0,0,23.85,0,3,3
CUR,0.018,0.007,0.003,0,0,23.85,0,3,3
CUR,0.018,0.008,0.003,0,0,23.85,0,3,3
CUR,0.013,0.007,0.003,0,0,23.84,0,3,3
CUR,0.024,0.008,0.003,0,0,23.85,0,3,3
CUR,0.018,0.008,0.003,0,0,23.84,0,3,3
CUR,0.018,0.008,0.003,0,0,23.85,0,3,3
CUR,0.018,0.008,0.003,0,0,23.86,0,3,3
CUR,0.018,0.008,0.003,0,0,23.85,0,3,3
CUR,0.018,0.008,0.003,0,0,23.84,0,3,3
CUR,0.018,0.007,0.003,0,0,23.85,0,3,3
CUR,0.018,0.008,0.003,0,0,23.86,0,3,3
CUR,0.024,0.008,0.003,0,0,23.85,0,3,3
CUR,0.018,0.007,0.003,0,0,23.85,0,3,3
CUR,0.018,0.008,0.003,0,0,23.84,0,3,3
CUR,0.018,0.007,0.003,0,0,23.84,0,3,3
CUR,0.018,0.008,0.003,0,0,23.85,0,3,3
CUR,0.024,0.007,0.003,0,0,23.85,0,3,3
CUR,0.018,0.008,0.003,0,0,23.85,0,3,3
CUR,0.018,0.007,0.003,0,0,23.85,0,3,3
CUR,0.018,0.007,0.003,0,0,23.85,0,3,3
CUR,0.018,0.008,0.003,0,0,23.85,0,3,3
CUR,0.018,0.007,0.003,0,0,23.85,0,3,3
CUR,0.018,0.007,0.003,0,0,23.86,0,3,3
CUR,0.018,0.007,0.003,0,0,23.85,0,3,3
CUR,0.013,0.007,0.003,0,0,23.84,0,3,3
CUR,0.018,0.008,0.003,0,0,23.85,0,3,3
CUR,0.018,0.008,0.003,0,0,23.85,0,3,3
CUR,0.018,0.008,0.003,0,0,23.86,0,3,3
CUR,0.018,0.008,0.003,0,0,23.84,0,3,3
CUR,0.018,0.008,0.003,0,0,23.84,0,3,3
CUR,0.018,0.008,0.003,0,0,23.85,0,3,3
CUR,0.018,0.008,0.003,0,0,23.84,0,3,3
CUR,0.018,0.008,0.003,0,0,23.85,0,3,3
CUR,0.018,0.008,0.003,0,0,23.85,0,3,3
CUR,0.018,0.008,0.003,0,0,23.85,0,3,3
CUR,0.018,0.007,0.003,0,0,23.85,0,3,3
CUR,0.018,0.008,0.003,0,0,23.85,0,3,3
CUR,0.018,0.007,0.003,0,0,23.85,0,3,3
CUR,0.024,0.007,0.003,0,0,23.85,0,3,3
CUR,0.018,0.008,0.003,0,0,23.85,0,3,3
CUR,0.018,0.007,0.003,0,0,23.85,0,3,3
CUR,0.018,0.008,0.003,0,0,23.85,0,3,3
CUR,0.018,0.007,0.003,0,0,23.86,0,3,3
CUR,0.018,0.007,0.003,0,0,23.85,0,3,3
CUR,0.018,0.008,0.003,0,0,23.85,0,3,3
CUR,0.018,0.008,0.003,0,0,23.85,0,3,3
CUR,0.018,0.008,0.003,0,0,23.84,0,3,3
CUR,0.018,0.008,0.003,0,0,23.85,0,3,3
CUR,0.018,0.008,0.003,0,0,23.85,0,3,3
CUR,0.018,0.008,0.003,0,0,23.85,0,3,3
CUR,0.018,0.008,0.003,0,0,23.85,0,3,3
CUR,0.018,0.008,0.003,0,0,23.84,0,3,3
CUR,0.018,0.007,0.003,0,0,23.85,0,3,3
CUR,0.018,0.007,0.003,0,0,23.85,0,3,3
CUR,0.018,0.008,0.003,0,0,23.85,0,3,3
CUR,0.018,0.007,0.003,0,0,23.85,0,3,3
CUR,0.018,0.008,0.003,0,0,23.85,0,3,3
CUR,0.018,0.007,0.003,0,0,23.85,0,3,3
CUR,0.018,0.008,0.003,0,0,23.85,0,3,3
CUR,0.018,0.008,0.003,0,0,23.84,0,3,3
CUR,0.018,0.007,0.003,0,0,23.85,0,3,3
CUR,0.018,0.007,0.003,0,0,23.85,0,3,3
CUR,0.018,0.007,0.003,0,0,23.84,0,3,3
CUR,0.018,0.007,0.003,0,0,23.85,0,3,3
CUR,0.024,0.008,0.003,0,0,23.85,0,3,3
CUR,0.018,0.008,0.003,0,0,23.85,0,3,3
CUR,0.024,0.008,0.003,0,0,23.85,0,3,3
CUR,0.018,0.008,0.003,0,0,23.85,0,3,3
CUR,0.018,0.007,0.003,0,0,23.85,0,3,3
CUR,0.018,0.008,0.003,0,0,23.85,0,3,3
CUR,0.018,0.008,0.003,0,0,23.84,0,3,3
CUR,0.018,0.008,0.003,0,0,23.85,0,3,3
CUR,0.018,0.007,0.003,0,0,23.85,0,3,3
CUR,0.018,0.008,0.003,0,0,23.85,0,3,3
CUR,0.018,0.008,0.003,0,0,23.85,0,3,3
CUR,0.018,0.007,0.003,0,0,23.86,0,3,3
CUR,0.018,0.008,0.003,0,0,23.84,0,3,3
CUR,0.013,0.007,0.003,0,0,23.84,0,3,3
CUR,0.018,0.007,0.003,0,0,23.85,0,3,3
CUR,0.018,0.008,0.003,0,0,23.85,0,3,3
CUR,0.018,0.008,0.003,0,0,23.84,0,3,3
CUR,0.018,0.007,0.003,0,0,23.84,0,3,3
CUR,0.018,0.007,0.003,0,0,23.85,0,3,3
CUR,0.018,0.008,0.003,0,0,23.84,0,3,3
CUR,0.018,0.008,0.003,0,0,23.85,0,3,3
CUR,0.018,0.008,0.003,0,0,23.84,0,3,3
CUR,0.018,0.009,0.003,0,0,23.84,0,3,3
CUR,0.018,0.007,0.003,0,0,23.85,0,3,3
CUR,0.018,0.008,0.003,0,0,23.84,0,3,3
CUR,0.018,0.008,0.003,0,0,23.85,0,3,3
CUR,0.018,0.008,0.003,0,0,23.85,0,3,3
CUR,0.018,0.008,0.003,0,0,23.85,0,3,3
CUR,0.018,0.008,0.003,0,0,23.85,0,3,3
CUR,0.018,0.008,0.003,0,0,23.84,0,3,3
CUR,0.018,0.008,0.003,0,0,23.84,0,3,3
CUR,0.018,0.008,0.003,0,0,23.85,0,3,3
CUR,0.018,0.008,0.003,0,0,23.84,0,3,3
CUR,0.018,0.008,0.003,0,0,23.84,0,3,3
CUR,0.018,0.008,0.003,0,0,23.85,0,3,3
CUR,0.018,0.008,0.003,0,0,23.85,0,3,3
CUR,0.018,0.008,0.003,0,0,23.85,0,3,3
CUR,0.018,0.007,0.003,0,0,23.85,0,3,3
CUR,0.018,0.008,0.003,0,0,23.84,0,3,3
CUR,0.018,0.008,0.003,0,0,23.84,0,3,3
CUR,0.018,0.007,0.003,0,0,23.86,0,3,3
CUR,0.018,0.008,0.003,0,0,23.85,0,3,3
CUR,0.018,0.009,0.003,0,0,23.85,0,3,3
CUR,0.018,0.007,0.003,0,0,23.84,0,3,3
CUR,0.018,0.008,0.003,0,0,23.85,0,3,3
CUR,0.018,0.007,0.003,0,0,23.85,0,3,3
CUR,0.018,0.008,0.003,0,0,23.84,0,3,3
CUR,0.018,0.007,0.003,0,0,23.85,0,3,3
CUR,0.018,0.008,0.003,0,0,23.85,0,3,3
CUR,0.018,0.008,0.003,0,0,23.85,0,3,3
CUR,0.018,0.008,0.003,0,0,23.85,0,3,3
CUR,0.018,0.007,0.003,0,0,23.85,0,3,3
CUR,0.018,0.008,0.003,0,0,23.85,0,3,3
CUR,0.018,0.008,0.003,0,0,23.84,0,3,3
CUR,0.018,0.008,0.003,0,0,23.85,0,3,3
CUR,0.018,0.008,0.003,0,0,23.85,0,3,3
